Copyright 1986-2022 Xilinx, Inc. All Rights Reserved. Copyright 2022-2025 Advanced Micro Devices, Inc. All Rights Reserved.
------------------------------------------------------------------------------------------------------------------------------------------------------------------------------------------------------------------------------------
| Tool Version : Vivado v.2025.2 (win64) Build 6299465 Fri Nov 14 19:35:11 GMT 2025
| Date         : Mon Apr 13 21:57:16 2026
| Host         : LuckyJason running 64-bit major release  (build 9200)
| Command      : report_timing_summary -max_paths 10 -routable_nets -report_unconstrained -file datapath_timing_summary_routed.rpt -pb datapath_timing_summary_routed.pb -rpx datapath_timing_summary_routed.rpx -warn_on_violation
| Design       : datapath
| Device       : 7a35t-cpg236
| Speed File   : -1  PRODUCTION 1.23 2018-06-13
| Design State : Routed
------------------------------------------------------------------------------------------------------------------------------------------------------------------------------------------------------------------------------------

Timing Summary Report

------------------------------------------------------------------------------------------------
| Timer Settings
| --------------
------------------------------------------------------------------------------------------------

  Enable Multi Corner Analysis               :  Yes
  Enable Pessimism Removal                   :  Yes
  Pessimism Removal Resolution               :  Nearest Common Node
  Enable Input Delay Default Clock           :  No
  Enable Preset / Clear Arcs                 :  No
  Disable Flight Delays                      :  No
  Ignore I/O Paths                           :  No
  Timing Early Launch at Borrowing Latches   :  No
  Borrow Time for Max Delay Exceptions       :  Yes
  Merge Timing Exceptions                    :  Yes
  Inter-SLR Compensation                     :  Conservative

  Corner  Analyze    Analyze    
  Name    Max Paths  Min Paths  
  ------  ---------  ---------  
  Slow    Yes        Yes        
  Fast    Yes        Yes        


------------------------------------------------------------------------------------------------
| Report Methodology
| ------------------
------------------------------------------------------------------------------------------------

Rule       Severity          Description                  Violations  
---------  ----------------  ---------------------------  ----------  
TIMING-17  Critical Warning  Non-clocked sequential cell  1000        

Note: This report is based on the most recent report_methodology run and may not be up-to-date. Run report_methodology on the current design for the latest report.



check_timing report

Table of Contents
-----------------
1. checking no_clock (2095)
2. checking constant_clock (0)
3. checking pulse_width_clock (0)
4. checking unconstrained_internal_endpoints (4286)
5. checking no_input_delay (1)
6. checking no_output_delay (22)
7. checking multiple_clock (0)
8. checking generated_clocks (0)
9. checking loops (0)
10. checking partial_input_delay (0)
11. checking partial_output_delay (0)
12. checking latch_loops (0)

1. checking no_clock (2095)
---------------------------
 There are 2095 register/latch pins with no clock driven by root clock pin: clk (HIGH)


2. checking constant_clock (0)
------------------------------
 There are 0 register/latch pins with constant_clock.


3. checking pulse_width_clock (0)
---------------------------------
 There are 0 register/latch pins which need pulse_width check


4. checking unconstrained_internal_endpoints (4286)
---------------------------------------------------
 There are 4286 pins that are not constrained for maximum delay. (HIGH)

 There are 0 pins that are not constrained for maximum delay due to constant clock.


5. checking no_input_delay (1)
------------------------------
 There is 1 input port with no input delay specified. (HIGH)

 There are 0 input ports with no input delay but user has a false path constraint.


6. checking no_output_delay (22)
--------------------------------
 There are 22 ports with no output delay specified. (HIGH)

 There are 0 ports with no output delay but user has a false path constraint

 There are 0 ports with no output delay but with a timing clock defined on it or propagating through it


7. checking multiple_clock (0)
------------------------------
 There are 0 register/latch pins with multiple clocks.


8. checking generated_clocks (0)
--------------------------------
 There are 0 generated clocks that are not connected to a clock source.


9. checking loops (0)
---------------------
 There are 0 combinational loops in the design.


10. checking partial_input_delay (0)
------------------------------------
 There are 0 input ports with partial input delay specified.


11. checking partial_output_delay (0)
-------------------------------------
 There are 0 ports with partial output delay specified.


12. checking latch_loops (0)
----------------------------
 There are 0 combinational latch loops in the design through latch input



------------------------------------------------------------------------------------------------
| Design Timing Summary
| ---------------------
------------------------------------------------------------------------------------------------

    WNS(ns)      TNS(ns)  TNS Failing Endpoints  TNS Total Endpoints      WHS(ns)      THS(ns)  THS Failing Endpoints  THS Total Endpoints     WPWS(ns)     TPWS(ns)  TPWS Failing Endpoints  TPWS Total Endpoints  
    -------      -------  ---------------------  -------------------      -------      -------  ---------------------  -------------------     --------     --------  ----------------------  --------------------  
        inf        0.000                      0                 4308          inf        0.000                      0                 4308           NA           NA                      NA                    NA  


There are no user specified timing constraints.


------------------------------------------------------------------------------------------------
| Clock Summary
| -------------
------------------------------------------------------------------------------------------------


------------------------------------------------------------------------------------------------
| Intra Clock Table
| -----------------
------------------------------------------------------------------------------------------------

Clock             WNS(ns)      TNS(ns)  TNS Failing Endpoints  TNS Total Endpoints      WHS(ns)      THS(ns)  THS Failing Endpoints  THS Total Endpoints     WPWS(ns)     TPWS(ns)  TPWS Failing Endpoints  TPWS Total Endpoints  
-----             -------      -------  ---------------------  -------------------      -------      -------  ---------------------  -------------------     --------     --------  ----------------------  --------------------  


------------------------------------------------------------------------------------------------
| Inter Clock Table
| -----------------
------------------------------------------------------------------------------------------------

From Clock    To Clock          WNS(ns)      TNS(ns)  TNS Failing Endpoints  TNS Total Endpoints      WHS(ns)      THS(ns)  THS Failing Endpoints  THS Total Endpoints  
----------    --------          -------      -------  ---------------------  -------------------      -------      -------  ---------------------  -------------------  


------------------------------------------------------------------------------------------------
| Other Path Groups Table
| -----------------------
------------------------------------------------------------------------------------------------

Path Group    From Clock    To Clock          WNS(ns)      TNS(ns)  TNS Failing Endpoints  TNS Total Endpoints      WHS(ns)      THS(ns)  THS Failing Endpoints  THS Total Endpoints  
----------    ----------    --------          -------      -------  ---------------------  -------------------      -------      -------  ---------------------  -------------------  


------------------------------------------------------------------------------------------------
| User Ignored Path Table
| -----------------------
------------------------------------------------------------------------------------------------

Path Group    From Clock    To Clock    
----------    ----------    --------    


------------------------------------------------------------------------------------------------
| Unconstrained Path Table
| ------------------------
------------------------------------------------------------------------------------------------

Path Group    From Clock    To Clock    
----------    ----------    --------    
(none)                                    


------------------------------------------------------------------------------------------------
| Timing Details
| --------------
------------------------------------------------------------------------------------------------


--------------------------------------------------------------------------------------
Path Group:  (none)
From Clock:  
  To Clock:  

Max Delay          4308 Endpoints
Min Delay          4308 Endpoints
--------------------------------------------------------------------------------------


Max Delay Paths
--------------------------------------------------------------------------------------
Slack:                    inf
  Source:                 pc_reg/current_reg[7]/C
                            (rising edge-triggered cell FDCE)
  Destination:            dmem/mem_reg[89][5]/D
  Path Group:             (none)
  Path Type:              Max at Slow Process Corner
  Data Path Delay:        28.212ns  (logic 2.685ns (9.517%)  route 25.527ns (90.483%))
  Logic Levels:           11  (CARRY4=2 FDCE=1 LUT2=1 LUT3=1 LUT4=2 LUT5=2 LUT6=1 RAMD32=1)

    Location             Delay type                Incr(ns)  Path(ns)    Netlist Resource(s)
  -------------------------------------------------------------------    -------------------
    SLICE_X46Y41         FDCE                         0.000     0.000 r  pc_reg/current_reg[7]/C
    SLICE_X46Y41         FDCE (Prop_fdce_C_Q)         0.518     0.518 f  pc_reg/current_reg[7]/Q
                         net (fo=8, routed)           1.285     1.803    pc_reg/Q[6]
    SLICE_X47Y41         LUT5 (Prop_lut5_I2_O)        0.150     1.953 r  pc_reg/registers_reg_0_15_0_0_i_12/O
                         net (fo=8, routed)           0.850     2.803    pc_reg/registers_reg_0_15_0_0_i_12_n_0
    SLICE_X47Y42         LUT4 (Prop_lut4_I0_O)        0.326     3.129 r  pc_reg/registers_reg_0_15_0_0_i_3/O
                         net (fo=51, routed)          1.878     5.007    registers/registers_reg_0_15_1_1/A0
    SLICE_X46Y53         RAMD32 (Prop_ramd32_RADR0_O)
                                                      0.124     5.131 r  registers/registers_reg_0_15_1_1/SP/O
                         net (fo=165, routed)         4.982    10.114    pc_reg/read_data2[1]
    SLICE_X45Y45         LUT6 (Prop_lut6_I0_O)        0.124    10.238 r  pc_reg/i__carry_i_8/O
                         net (fo=2, routed)           1.049    11.287    pc_reg/alu_input_b[0]
    SLICE_X44Y50         LUT2 (Prop_lut2_I0_O)        0.124    11.411 r  pc_reg/i__carry_i_3/O
                         net (fo=1, routed)           0.000    11.411    execution_unit/registers_reg_0_15_4_4_i_120[1]
    SLICE_X44Y50         CARRY4 (Prop_carry4_S[1]_CO[3])
                                                      0.550    11.961 r  execution_unit/result0_inferred__2/i__carry/CO[3]
                         net (fo=1, routed)           0.000    11.961    execution_unit/result0_inferred__2/i__carry_n_0
    SLICE_X44Y51         CARRY4 (Prop_carry4_CI_O[0])
                                                      0.222    12.183 f  execution_unit/result0_inferred__2/i__carry__0/O[0]
                         net (fo=1, routed)           0.718    12.901    pc_reg/current[15]_i_9[4]
    SLICE_X40Y51         LUT4 (Prop_lut4_I1_O)        0.299    13.200 f  pc_reg/mem[255][7]_i_5/O
                         net (fo=323, routed)         8.038    21.238    pc_reg/alu_result[3]
    SLICE_X65Y80         LUT3 (Prop_lut3_I1_O)        0.124    21.362 r  pc_reg/mem[224][7]_i_4/O
                         net (fo=128, routed)         6.726    28.088    pc_reg/mem[224][7]_i_4_n_0
    SLICE_X31Y50         LUT5 (Prop_lut5_I1_O)        0.124    28.212 r  pc_reg/mem[89][5]_i_1/O
                         net (fo=1, routed)           0.000    28.212    dmem/mem_reg[89][7]_1[5]
    SLICE_X31Y50         FDRE                                         r  dmem/mem_reg[89][5]/D
  -------------------------------------------------------------------    -------------------

Slack:                    inf
  Source:                 pc_reg/current_reg[7]/C
                            (rising edge-triggered cell FDCE)
  Destination:            dmem/mem_reg[95][4]/D
  Path Group:             (none)
  Path Type:              Max at Slow Process Corner
  Data Path Delay:        28.121ns  (logic 2.711ns (9.641%)  route 25.410ns (90.359%))
  Logic Levels:           11  (CARRY4=2 FDCE=1 LUT2=1 LUT3=1 LUT4=3 LUT5=1 LUT6=1 RAMD32=1)

    Location             Delay type                Incr(ns)  Path(ns)    Netlist Resource(s)
  -------------------------------------------------------------------    -------------------
    SLICE_X46Y41         FDCE                         0.000     0.000 r  pc_reg/current_reg[7]/C
    SLICE_X46Y41         FDCE (Prop_fdce_C_Q)         0.518     0.518 f  pc_reg/current_reg[7]/Q
                         net (fo=8, routed)           1.285     1.803    pc_reg/Q[6]
    SLICE_X47Y41         LUT5 (Prop_lut5_I2_O)        0.150     1.953 r  pc_reg/registers_reg_0_15_0_0_i_12/O
                         net (fo=8, routed)           0.850     2.803    pc_reg/registers_reg_0_15_0_0_i_12_n_0
    SLICE_X47Y42         LUT4 (Prop_lut4_I0_O)        0.326     3.129 r  pc_reg/registers_reg_0_15_0_0_i_3/O
                         net (fo=51, routed)          1.878     5.007    registers/registers_reg_0_15_1_1/A0
    SLICE_X46Y53         RAMD32 (Prop_ramd32_RADR0_O)
                                                      0.124     5.131 r  registers/registers_reg_0_15_1_1/SP/O
                         net (fo=165, routed)         4.982    10.114    pc_reg/read_data2[1]
    SLICE_X45Y45         LUT6 (Prop_lut6_I0_O)        0.124    10.238 r  pc_reg/i__carry_i_8/O
                         net (fo=2, routed)           1.049    11.287    pc_reg/alu_input_b[0]
    SLICE_X44Y50         LUT2 (Prop_lut2_I0_O)        0.124    11.411 r  pc_reg/i__carry_i_3/O
                         net (fo=1, routed)           0.000    11.411    execution_unit/registers_reg_0_15_4_4_i_120[1]
    SLICE_X44Y50         CARRY4 (Prop_carry4_S[1]_CO[3])
                                                      0.550    11.961 r  execution_unit/result0_inferred__2/i__carry/CO[3]
                         net (fo=1, routed)           0.000    11.961    execution_unit/result0_inferred__2/i__carry_n_0
    SLICE_X44Y51         CARRY4 (Prop_carry4_CI_O[0])
                                                      0.222    12.183 f  execution_unit/result0_inferred__2/i__carry__0/O[0]
                         net (fo=1, routed)           0.718    12.901    pc_reg/current[15]_i_9[4]
    SLICE_X40Y51         LUT4 (Prop_lut4_I1_O)        0.299    13.200 f  pc_reg/mem[255][7]_i_5/O
                         net (fo=323, routed)         8.038    21.238    pc_reg/alu_result[3]
    SLICE_X65Y80         LUT3 (Prop_lut3_I1_O)        0.124    21.362 r  pc_reg/mem[224][7]_i_4/O
                         net (fo=128, routed)         5.995    27.357    pc_reg/mem[224][7]_i_4_n_0
    SLICE_X34Y52         LUT4 (Prop_lut4_I2_O)        0.150    27.507 r  pc_reg/mem[95][4]_i_1/O
                         net (fo=1, routed)           0.613    28.121    dmem/mem_reg[95][7]_1[4]
    SLICE_X34Y50         FDRE                                         r  dmem/mem_reg[95][4]/D
  -------------------------------------------------------------------    -------------------

Slack:                    inf
  Source:                 pc_reg/current_reg[7]/C
                            (rising edge-triggered cell FDCE)
  Destination:            dmem/mem_reg[95][6]/D
  Path Group:             (none)
  Path Type:              Max at Slow Process Corner
  Data Path Delay:        28.031ns  (logic 2.711ns (9.672%)  route 25.320ns (90.328%))
  Logic Levels:           11  (CARRY4=2 FDCE=1 LUT2=1 LUT3=1 LUT4=3 LUT5=1 LUT6=1 RAMD32=1)

    Location             Delay type                Incr(ns)  Path(ns)    Netlist Resource(s)
  -------------------------------------------------------------------    -------------------
    SLICE_X46Y41         FDCE                         0.000     0.000 r  pc_reg/current_reg[7]/C
    SLICE_X46Y41         FDCE (Prop_fdce_C_Q)         0.518     0.518 f  pc_reg/current_reg[7]/Q
                         net (fo=8, routed)           1.285     1.803    pc_reg/Q[6]
    SLICE_X47Y41         LUT5 (Prop_lut5_I2_O)        0.150     1.953 r  pc_reg/registers_reg_0_15_0_0_i_12/O
                         net (fo=8, routed)           0.850     2.803    pc_reg/registers_reg_0_15_0_0_i_12_n_0
    SLICE_X47Y42         LUT4 (Prop_lut4_I0_O)        0.326     3.129 r  pc_reg/registers_reg_0_15_0_0_i_3/O
                         net (fo=51, routed)          1.878     5.007    registers/registers_reg_0_15_1_1/A0
    SLICE_X46Y53         RAMD32 (Prop_ramd32_RADR0_O)
                                                      0.124     5.131 r  registers/registers_reg_0_15_1_1/SP/O
                         net (fo=165, routed)         4.982    10.114    pc_reg/read_data2[1]
    SLICE_X45Y45         LUT6 (Prop_lut6_I0_O)        0.124    10.238 r  pc_reg/i__carry_i_8/O
                         net (fo=2, routed)           1.049    11.287    pc_reg/alu_input_b[0]
    SLICE_X44Y50         LUT2 (Prop_lut2_I0_O)        0.124    11.411 r  pc_reg/i__carry_i_3/O
                         net (fo=1, routed)           0.000    11.411    execution_unit/registers_reg_0_15_4_4_i_120[1]
    SLICE_X44Y50         CARRY4 (Prop_carry4_S[1]_CO[3])
                                                      0.550    11.961 r  execution_unit/result0_inferred__2/i__carry/CO[3]
                         net (fo=1, routed)           0.000    11.961    execution_unit/result0_inferred__2/i__carry_n_0
    SLICE_X44Y51         CARRY4 (Prop_carry4_CI_O[0])
                                                      0.222    12.183 f  execution_unit/result0_inferred__2/i__carry__0/O[0]
                         net (fo=1, routed)           0.718    12.901    pc_reg/current[15]_i_9[4]
    SLICE_X40Y51         LUT4 (Prop_lut4_I1_O)        0.299    13.200 f  pc_reg/mem[255][7]_i_5/O
                         net (fo=323, routed)         8.038    21.238    pc_reg/alu_result[3]
    SLICE_X65Y80         LUT3 (Prop_lut3_I1_O)        0.124    21.362 r  pc_reg/mem[224][7]_i_4/O
                         net (fo=128, routed)         6.025    27.387    pc_reg/mem[224][7]_i_4_n_0
    SLICE_X33Y53         LUT4 (Prop_lut4_I2_O)        0.150    27.537 r  pc_reg/mem[95][6]_i_1/O
                         net (fo=1, routed)           0.494    28.031    dmem/mem_reg[95][7]_1[6]
    SLICE_X30Y53         FDRE                                         r  dmem/mem_reg[95][6]/D
  -------------------------------------------------------------------    -------------------

Slack:                    inf
  Source:                 pc_reg/current_reg[7]/C
                            (rising edge-triggered cell FDCE)
  Destination:            dmem/mem_reg[93][4]/D
  Path Group:             (none)
  Path Type:              Max at Slow Process Corner
  Data Path Delay:        28.021ns  (logic 2.685ns (9.582%)  route 25.336ns (90.418%))
  Logic Levels:           11  (CARRY4=2 FDCE=1 LUT2=1 LUT3=1 LUT4=2 LUT5=2 LUT6=1 RAMD32=1)

    Location             Delay type                Incr(ns)  Path(ns)    Netlist Resource(s)
  -------------------------------------------------------------------    -------------------
    SLICE_X46Y41         FDCE                         0.000     0.000 r  pc_reg/current_reg[7]/C
    SLICE_X46Y41         FDCE (Prop_fdce_C_Q)         0.518     0.518 f  pc_reg/current_reg[7]/Q
                         net (fo=8, routed)           1.285     1.803    pc_reg/Q[6]
    SLICE_X47Y41         LUT5 (Prop_lut5_I2_O)        0.150     1.953 r  pc_reg/registers_reg_0_15_0_0_i_12/O
                         net (fo=8, routed)           0.850     2.803    pc_reg/registers_reg_0_15_0_0_i_12_n_0
    SLICE_X47Y42         LUT4 (Prop_lut4_I0_O)        0.326     3.129 r  pc_reg/registers_reg_0_15_0_0_i_3/O
                         net (fo=51, routed)          1.878     5.007    registers/registers_reg_0_15_1_1/A0
    SLICE_X46Y53         RAMD32 (Prop_ramd32_RADR0_O)
                                                      0.124     5.131 r  registers/registers_reg_0_15_1_1/SP/O
                         net (fo=165, routed)         4.982    10.114    pc_reg/read_data2[1]
    SLICE_X45Y45         LUT6 (Prop_lut6_I0_O)        0.124    10.238 r  pc_reg/i__carry_i_8/O
                         net (fo=2, routed)           1.049    11.287    pc_reg/alu_input_b[0]
    SLICE_X44Y50         LUT2 (Prop_lut2_I0_O)        0.124    11.411 r  pc_reg/i__carry_i_3/O
                         net (fo=1, routed)           0.000    11.411    execution_unit/registers_reg_0_15_4_4_i_120[1]
    SLICE_X44Y50         CARRY4 (Prop_carry4_S[1]_CO[3])
                                                      0.550    11.961 r  execution_unit/result0_inferred__2/i__carry/CO[3]
                         net (fo=1, routed)           0.000    11.961    execution_unit/result0_inferred__2/i__carry_n_0
    SLICE_X44Y51         CARRY4 (Prop_carry4_CI_O[0])
                                                      0.222    12.183 f  execution_unit/result0_inferred__2/i__carry__0/O[0]
                         net (fo=1, routed)           0.718    12.901    pc_reg/current[15]_i_9[4]
    SLICE_X40Y51         LUT4 (Prop_lut4_I1_O)        0.299    13.200 f  pc_reg/mem[255][7]_i_5/O
                         net (fo=323, routed)         8.038    21.238    pc_reg/alu_result[3]
    SLICE_X65Y80         LUT3 (Prop_lut3_I1_O)        0.124    21.362 r  pc_reg/mem[224][7]_i_4/O
                         net (fo=128, routed)         6.535    27.897    pc_reg/mem[224][7]_i_4_n_0
    SLICE_X30Y49         LUT5 (Prop_lut5_I1_O)        0.124    28.021 r  pc_reg/mem[93][4]_i_1/O
                         net (fo=1, routed)           0.000    28.021    dmem/mem_reg[93][7]_1[4]
    SLICE_X30Y49         FDRE                                         r  dmem/mem_reg[93][4]/D
  -------------------------------------------------------------------    -------------------

Slack:                    inf
  Source:                 pc_reg/current_reg[7]/C
                            (rising edge-triggered cell FDCE)
  Destination:            dmem/mem_reg[95][5]/D
  Path Group:             (none)
  Path Type:              Max at Slow Process Corner
  Data Path Delay:        28.000ns  (logic 2.713ns (9.689%)  route 25.287ns (90.311%))
  Logic Levels:           11  (CARRY4=2 FDCE=1 LUT2=1 LUT3=1 LUT4=3 LUT5=1 LUT6=1 RAMD32=1)

    Location             Delay type                Incr(ns)  Path(ns)    Netlist Resource(s)
  -------------------------------------------------------------------    -------------------
    SLICE_X46Y41         FDCE                         0.000     0.000 r  pc_reg/current_reg[7]/C
    SLICE_X46Y41         FDCE (Prop_fdce_C_Q)         0.518     0.518 f  pc_reg/current_reg[7]/Q
                         net (fo=8, routed)           1.285     1.803    pc_reg/Q[6]
    SLICE_X47Y41         LUT5 (Prop_lut5_I2_O)        0.150     1.953 r  pc_reg/registers_reg_0_15_0_0_i_12/O
                         net (fo=8, routed)           0.850     2.803    pc_reg/registers_reg_0_15_0_0_i_12_n_0
    SLICE_X47Y42         LUT4 (Prop_lut4_I0_O)        0.326     3.129 r  pc_reg/registers_reg_0_15_0_0_i_3/O
                         net (fo=51, routed)          1.878     5.007    registers/registers_reg_0_15_1_1/A0
    SLICE_X46Y53         RAMD32 (Prop_ramd32_RADR0_O)
                                                      0.124     5.131 r  registers/registers_reg_0_15_1_1/SP/O
                         net (fo=165, routed)         4.982    10.114    pc_reg/read_data2[1]
    SLICE_X45Y45         LUT6 (Prop_lut6_I0_O)        0.124    10.238 r  pc_reg/i__carry_i_8/O
                         net (fo=2, routed)           1.049    11.287    pc_reg/alu_input_b[0]
    SLICE_X44Y50         LUT2 (Prop_lut2_I0_O)        0.124    11.411 r  pc_reg/i__carry_i_3/O
                         net (fo=1, routed)           0.000    11.411    execution_unit/registers_reg_0_15_4_4_i_120[1]
    SLICE_X44Y50         CARRY4 (Prop_carry4_S[1]_CO[3])
                                                      0.550    11.961 r  execution_unit/result0_inferred__2/i__carry/CO[3]
                         net (fo=1, routed)           0.000    11.961    execution_unit/result0_inferred__2/i__carry_n_0
    SLICE_X44Y51         CARRY4 (Prop_carry4_CI_O[0])
                                                      0.222    12.183 f  execution_unit/result0_inferred__2/i__carry__0/O[0]
                         net (fo=1, routed)           0.718    12.901    pc_reg/current[15]_i_9[4]
    SLICE_X40Y51         LUT4 (Prop_lut4_I1_O)        0.299    13.200 f  pc_reg/mem[255][7]_i_5/O
                         net (fo=323, routed)         8.038    21.238    pc_reg/alu_result[3]
    SLICE_X65Y80         LUT3 (Prop_lut3_I1_O)        0.124    21.362 r  pc_reg/mem[224][7]_i_4/O
                         net (fo=128, routed)         5.985    27.347    pc_reg/mem[224][7]_i_4_n_0
    SLICE_X34Y52         LUT4 (Prop_lut4_I2_O)        0.152    27.499 r  pc_reg/mem[95][5]_i_1/O
                         net (fo=1, routed)           0.501    28.000    dmem/mem_reg[95][7]_1[5]
    SLICE_X32Y50         FDRE                                         r  dmem/mem_reg[95][5]/D
  -------------------------------------------------------------------    -------------------

Slack:                    inf
  Source:                 pc_reg/current_reg[7]/C
                            (rising edge-triggered cell FDCE)
  Destination:            dmem/mem_reg[95][7]/D
  Path Group:             (none)
  Path Type:              Max at Slow Process Corner
  Data Path Delay:        27.735ns  (logic 2.678ns (9.656%)  route 25.057ns (90.344%))
  Logic Levels:           11  (CARRY4=2 FDCE=1 LUT2=1 LUT3=1 LUT4=3 LUT5=1 LUT6=1 RAMD32=1)

    Location             Delay type                Incr(ns)  Path(ns)    Netlist Resource(s)
  -------------------------------------------------------------------    -------------------
    SLICE_X46Y41         FDCE                         0.000     0.000 r  pc_reg/current_reg[7]/C
    SLICE_X46Y41         FDCE (Prop_fdce_C_Q)         0.518     0.518 f  pc_reg/current_reg[7]/Q
                         net (fo=8, routed)           1.285     1.803    pc_reg/Q[6]
    SLICE_X47Y41         LUT5 (Prop_lut5_I2_O)        0.150     1.953 r  pc_reg/registers_reg_0_15_0_0_i_12/O
                         net (fo=8, routed)           0.850     2.803    pc_reg/registers_reg_0_15_0_0_i_12_n_0
    SLICE_X47Y42         LUT4 (Prop_lut4_I0_O)        0.326     3.129 r  pc_reg/registers_reg_0_15_0_0_i_3/O
                         net (fo=51, routed)          1.878     5.007    registers/registers_reg_0_15_1_1/A0
    SLICE_X46Y53         RAMD32 (Prop_ramd32_RADR0_O)
                                                      0.124     5.131 r  registers/registers_reg_0_15_1_1/SP/O
                         net (fo=165, routed)         4.982    10.114    pc_reg/read_data2[1]
    SLICE_X45Y45         LUT6 (Prop_lut6_I0_O)        0.124    10.238 r  pc_reg/i__carry_i_8/O
                         net (fo=2, routed)           1.049    11.287    pc_reg/alu_input_b[0]
    SLICE_X44Y50         LUT2 (Prop_lut2_I0_O)        0.124    11.411 r  pc_reg/i__carry_i_3/O
                         net (fo=1, routed)           0.000    11.411    execution_unit/registers_reg_0_15_4_4_i_120[1]
    SLICE_X44Y50         CARRY4 (Prop_carry4_S[1]_CO[3])
                                                      0.550    11.961 r  execution_unit/result0_inferred__2/i__carry/CO[3]
                         net (fo=1, routed)           0.000    11.961    execution_unit/result0_inferred__2/i__carry_n_0
    SLICE_X44Y51         CARRY4 (Prop_carry4_CI_O[0])
                                                      0.222    12.183 f  execution_unit/result0_inferred__2/i__carry__0/O[0]
                         net (fo=1, routed)           0.718    12.901    pc_reg/current[15]_i_9[4]
    SLICE_X40Y51         LUT4 (Prop_lut4_I1_O)        0.299    13.200 f  pc_reg/mem[255][7]_i_5/O
                         net (fo=323, routed)         8.038    21.238    pc_reg/alu_result[3]
    SLICE_X65Y80         LUT3 (Prop_lut3_I1_O)        0.124    21.362 r  pc_reg/mem[224][7]_i_4/O
                         net (fo=128, routed)         5.597    26.959    pc_reg/mem[224][7]_i_4_n_0
    SLICE_X34Y52         LUT4 (Prop_lut4_I2_O)        0.117    27.076 r  pc_reg/mem[95][7]_i_2/O
                         net (fo=1, routed)           0.659    27.735    dmem/mem_reg[95][7]_1[7]
    SLICE_X30Y52         FDRE                                         r  dmem/mem_reg[95][7]/D
  -------------------------------------------------------------------    -------------------

Slack:                    inf
  Source:                 pc_reg/current_reg[7]/C
                            (rising edge-triggered cell FDCE)
  Destination:            dmem/mem_reg[93][5]/D
  Path Group:             (none)
  Path Type:              Max at Slow Process Corner
  Data Path Delay:        27.733ns  (logic 2.685ns (9.682%)  route 25.048ns (90.318%))
  Logic Levels:           11  (CARRY4=2 FDCE=1 LUT2=1 LUT3=1 LUT4=2 LUT5=2 LUT6=1 RAMD32=1)

    Location             Delay type                Incr(ns)  Path(ns)    Netlist Resource(s)
  -------------------------------------------------------------------    -------------------
    SLICE_X46Y41         FDCE                         0.000     0.000 r  pc_reg/current_reg[7]/C
    SLICE_X46Y41         FDCE (Prop_fdce_C_Q)         0.518     0.518 f  pc_reg/current_reg[7]/Q
                         net (fo=8, routed)           1.285     1.803    pc_reg/Q[6]
    SLICE_X47Y41         LUT5 (Prop_lut5_I2_O)        0.150     1.953 r  pc_reg/registers_reg_0_15_0_0_i_12/O
                         net (fo=8, routed)           0.850     2.803    pc_reg/registers_reg_0_15_0_0_i_12_n_0
    SLICE_X47Y42         LUT4 (Prop_lut4_I0_O)        0.326     3.129 r  pc_reg/registers_reg_0_15_0_0_i_3/O
                         net (fo=51, routed)          1.878     5.007    registers/registers_reg_0_15_1_1/A0
    SLICE_X46Y53         RAMD32 (Prop_ramd32_RADR0_O)
                                                      0.124     5.131 r  registers/registers_reg_0_15_1_1/SP/O
                         net (fo=165, routed)         4.982    10.114    pc_reg/read_data2[1]
    SLICE_X45Y45         LUT6 (Prop_lut6_I0_O)        0.124    10.238 r  pc_reg/i__carry_i_8/O
                         net (fo=2, routed)           1.049    11.287    pc_reg/alu_input_b[0]
    SLICE_X44Y50         LUT2 (Prop_lut2_I0_O)        0.124    11.411 r  pc_reg/i__carry_i_3/O
                         net (fo=1, routed)           0.000    11.411    execution_unit/registers_reg_0_15_4_4_i_120[1]
    SLICE_X44Y50         CARRY4 (Prop_carry4_S[1]_CO[3])
                                                      0.550    11.961 r  execution_unit/result0_inferred__2/i__carry/CO[3]
                         net (fo=1, routed)           0.000    11.961    execution_unit/result0_inferred__2/i__carry_n_0
    SLICE_X44Y51         CARRY4 (Prop_carry4_CI_O[0])
                                                      0.222    12.183 f  execution_unit/result0_inferred__2/i__carry__0/O[0]
                         net (fo=1, routed)           0.718    12.901    pc_reg/current[15]_i_9[4]
    SLICE_X40Y51         LUT4 (Prop_lut4_I1_O)        0.299    13.200 f  pc_reg/mem[255][7]_i_5/O
                         net (fo=323, routed)         8.038    21.238    pc_reg/alu_result[3]
    SLICE_X65Y80         LUT3 (Prop_lut3_I1_O)        0.124    21.362 r  pc_reg/mem[224][7]_i_4/O
                         net (fo=128, routed)         6.247    27.609    pc_reg/mem[224][7]_i_4_n_0
    SLICE_X30Y49         LUT5 (Prop_lut5_I1_O)        0.124    27.733 r  pc_reg/mem[93][5]_i_1/O
                         net (fo=1, routed)           0.000    27.733    dmem/mem_reg[93][7]_1[5]
    SLICE_X30Y49         FDRE                                         r  dmem/mem_reg[93][5]/D
  -------------------------------------------------------------------    -------------------

Slack:                    inf
  Source:                 pc_reg/current_reg[7]/C
                            (rising edge-triggered cell FDCE)
  Destination:            dmem/mem_reg[89][4]/D
  Path Group:             (none)
  Path Type:              Max at Slow Process Corner
  Data Path Delay:        27.673ns  (logic 2.685ns (9.703%)  route 24.987ns (90.297%))
  Logic Levels:           11  (CARRY4=2 FDCE=1 LUT2=1 LUT3=1 LUT4=2 LUT5=2 LUT6=1 RAMD32=1)

    Location             Delay type                Incr(ns)  Path(ns)    Netlist Resource(s)
  -------------------------------------------------------------------    -------------------
    SLICE_X46Y41         FDCE                         0.000     0.000 r  pc_reg/current_reg[7]/C
    SLICE_X46Y41         FDCE (Prop_fdce_C_Q)         0.518     0.518 f  pc_reg/current_reg[7]/Q
                         net (fo=8, routed)           1.285     1.803    pc_reg/Q[6]
    SLICE_X47Y41         LUT5 (Prop_lut5_I2_O)        0.150     1.953 r  pc_reg/registers_reg_0_15_0_0_i_12/O
                         net (fo=8, routed)           0.850     2.803    pc_reg/registers_reg_0_15_0_0_i_12_n_0
    SLICE_X47Y42         LUT4 (Prop_lut4_I0_O)        0.326     3.129 r  pc_reg/registers_reg_0_15_0_0_i_3/O
                         net (fo=51, routed)          1.878     5.007    registers/registers_reg_0_15_1_1/A0
    SLICE_X46Y53         RAMD32 (Prop_ramd32_RADR0_O)
                                                      0.124     5.131 r  registers/registers_reg_0_15_1_1/SP/O
                         net (fo=165, routed)         4.982    10.114    pc_reg/read_data2[1]
    SLICE_X45Y45         LUT6 (Prop_lut6_I0_O)        0.124    10.238 r  pc_reg/i__carry_i_8/O
                         net (fo=2, routed)           1.049    11.287    pc_reg/alu_input_b[0]
    SLICE_X44Y50         LUT2 (Prop_lut2_I0_O)        0.124    11.411 r  pc_reg/i__carry_i_3/O
                         net (fo=1, routed)           0.000    11.411    execution_unit/registers_reg_0_15_4_4_i_120[1]
    SLICE_X44Y50         CARRY4 (Prop_carry4_S[1]_CO[3])
                                                      0.550    11.961 r  execution_unit/result0_inferred__2/i__carry/CO[3]
                         net (fo=1, routed)           0.000    11.961    execution_unit/result0_inferred__2/i__carry_n_0
    SLICE_X44Y51         CARRY4 (Prop_carry4_CI_O[0])
                                                      0.222    12.183 f  execution_unit/result0_inferred__2/i__carry__0/O[0]
                         net (fo=1, routed)           0.718    12.901    pc_reg/current[15]_i_9[4]
    SLICE_X40Y51         LUT4 (Prop_lut4_I1_O)        0.299    13.200 f  pc_reg/mem[255][7]_i_5/O
                         net (fo=323, routed)         8.038    21.238    pc_reg/alu_result[3]
    SLICE_X65Y80         LUT3 (Prop_lut3_I1_O)        0.124    21.362 r  pc_reg/mem[224][7]_i_4/O
                         net (fo=128, routed)         6.186    27.548    pc_reg/mem[224][7]_i_4_n_0
    SLICE_X31Y50         LUT5 (Prop_lut5_I1_O)        0.124    27.672 r  pc_reg/mem[89][4]_i_1/O
                         net (fo=1, routed)           0.000    27.672    dmem/mem_reg[89][7]_1[4]
    SLICE_X31Y50         FDRE                                         r  dmem/mem_reg[89][4]/D
  -------------------------------------------------------------------    -------------------

Slack:                    inf
  Source:                 pc_reg/current_reg[7]/C
                            (rising edge-triggered cell FDCE)
  Destination:            dmem/mem_reg[92][6]/D
  Path Group:             (none)
  Path Type:              Max at Slow Process Corner
  Data Path Delay:        27.606ns  (logic 2.685ns (9.726%)  route 24.921ns (90.274%))
  Logic Levels:           11  (CARRY4=2 FDCE=1 LUT2=1 LUT3=1 LUT4=2 LUT5=2 LUT6=1 RAMD32=1)

    Location             Delay type                Incr(ns)  Path(ns)    Netlist Resource(s)
  -------------------------------------------------------------------    -------------------
    SLICE_X46Y41         FDCE                         0.000     0.000 r  pc_reg/current_reg[7]/C
    SLICE_X46Y41         FDCE (Prop_fdce_C_Q)         0.518     0.518 f  pc_reg/current_reg[7]/Q
                         net (fo=8, routed)           1.285     1.803    pc_reg/Q[6]
    SLICE_X47Y41         LUT5 (Prop_lut5_I2_O)        0.150     1.953 r  pc_reg/registers_reg_0_15_0_0_i_12/O
                         net (fo=8, routed)           0.850     2.803    pc_reg/registers_reg_0_15_0_0_i_12_n_0
    SLICE_X47Y42         LUT4 (Prop_lut4_I0_O)        0.326     3.129 r  pc_reg/registers_reg_0_15_0_0_i_3/O
                         net (fo=51, routed)          1.878     5.007    registers/registers_reg_0_15_1_1/A0
    SLICE_X46Y53         RAMD32 (Prop_ramd32_RADR0_O)
                                                      0.124     5.131 r  registers/registers_reg_0_15_1_1/SP/O
                         net (fo=165, routed)         4.982    10.114    pc_reg/read_data2[1]
    SLICE_X45Y45         LUT6 (Prop_lut6_I0_O)        0.124    10.238 r  pc_reg/i__carry_i_8/O
                         net (fo=2, routed)           1.049    11.287    pc_reg/alu_input_b[0]
    SLICE_X44Y50         LUT2 (Prop_lut2_I0_O)        0.124    11.411 r  pc_reg/i__carry_i_3/O
                         net (fo=1, routed)           0.000    11.411    execution_unit/registers_reg_0_15_4_4_i_120[1]
    SLICE_X44Y50         CARRY4 (Prop_carry4_S[1]_CO[3])
                                                      0.550    11.961 r  execution_unit/result0_inferred__2/i__carry/CO[3]
                         net (fo=1, routed)           0.000    11.961    execution_unit/result0_inferred__2/i__carry_n_0
    SLICE_X44Y51         CARRY4 (Prop_carry4_CI_O[0])
                                                      0.222    12.183 f  execution_unit/result0_inferred__2/i__carry__0/O[0]
                         net (fo=1, routed)           0.718    12.901    pc_reg/current[15]_i_9[4]
    SLICE_X40Y51         LUT4 (Prop_lut4_I1_O)        0.299    13.200 f  pc_reg/mem[255][7]_i_5/O
                         net (fo=323, routed)         8.038    21.238    pc_reg/alu_result[3]
    SLICE_X65Y80         LUT3 (Prop_lut3_I1_O)        0.124    21.362 r  pc_reg/mem[224][7]_i_4/O
                         net (fo=128, routed)         6.120    27.482    pc_reg/mem[224][7]_i_4_n_0
    SLICE_X32Y51         LUT5 (Prop_lut5_I1_O)        0.124    27.606 r  pc_reg/mem[92][6]_i_1/O
                         net (fo=1, routed)           0.000    27.606    dmem/mem_reg[92][7]_1[6]
    SLICE_X32Y51         FDRE                                         r  dmem/mem_reg[92][6]/D
  -------------------------------------------------------------------    -------------------

Slack:                    inf
  Source:                 pc_reg/current_reg[7]/C
                            (rising edge-triggered cell FDCE)
  Destination:            dmem/mem_reg[89][6]/D
  Path Group:             (none)
  Path Type:              Max at Slow Process Corner
  Data Path Delay:        27.598ns  (logic 2.685ns (9.729%)  route 24.913ns (90.271%))
  Logic Levels:           11  (CARRY4=2 FDCE=1 LUT2=1 LUT3=1 LUT4=2 LUT5=2 LUT6=1 RAMD32=1)

    Location             Delay type                Incr(ns)  Path(ns)    Netlist Resource(s)
  -------------------------------------------------------------------    -------------------
    SLICE_X46Y41         FDCE                         0.000     0.000 r  pc_reg/current_reg[7]/C
    SLICE_X46Y41         FDCE (Prop_fdce_C_Q)         0.518     0.518 f  pc_reg/current_reg[7]/Q
                         net (fo=8, routed)           1.285     1.803    pc_reg/Q[6]
    SLICE_X47Y41         LUT5 (Prop_lut5_I2_O)        0.150     1.953 r  pc_reg/registers_reg_0_15_0_0_i_12/O
                         net (fo=8, routed)           0.850     2.803    pc_reg/registers_reg_0_15_0_0_i_12_n_0
    SLICE_X47Y42         LUT4 (Prop_lut4_I0_O)        0.326     3.129 r  pc_reg/registers_reg_0_15_0_0_i_3/O
                         net (fo=51, routed)          1.878     5.007    registers/registers_reg_0_15_1_1/A0
    SLICE_X46Y53         RAMD32 (Prop_ramd32_RADR0_O)
                                                      0.124     5.131 r  registers/registers_reg_0_15_1_1/SP/O
                         net (fo=165, routed)         4.982    10.114    pc_reg/read_data2[1]
    SLICE_X45Y45         LUT6 (Prop_lut6_I0_O)        0.124    10.238 r  pc_reg/i__carry_i_8/O
                         net (fo=2, routed)           1.049    11.287    pc_reg/alu_input_b[0]
    SLICE_X44Y50         LUT2 (Prop_lut2_I0_O)        0.124    11.411 r  pc_reg/i__carry_i_3/O
                         net (fo=1, routed)           0.000    11.411    execution_unit/registers_reg_0_15_4_4_i_120[1]
    SLICE_X44Y50         CARRY4 (Prop_carry4_S[1]_CO[3])
                                                      0.550    11.961 r  execution_unit/result0_inferred__2/i__carry/CO[3]
                         net (fo=1, routed)           0.000    11.961    execution_unit/result0_inferred__2/i__carry_n_0
    SLICE_X44Y51         CARRY4 (Prop_carry4_CI_O[0])
                                                      0.222    12.183 f  execution_unit/result0_inferred__2/i__carry__0/O[0]
                         net (fo=1, routed)           0.718    12.901    pc_reg/current[15]_i_9[4]
    SLICE_X40Y51         LUT4 (Prop_lut4_I1_O)        0.299    13.200 f  pc_reg/mem[255][7]_i_5/O
                         net (fo=323, routed)         8.038    21.238    pc_reg/alu_result[3]
    SLICE_X65Y80         LUT3 (Prop_lut3_I1_O)        0.124    21.362 r  pc_reg/mem[224][7]_i_4/O
                         net (fo=128, routed)         6.112    27.474    pc_reg/mem[224][7]_i_4_n_0
    SLICE_X31Y50         LUT5 (Prop_lut5_I1_O)        0.124    27.598 r  pc_reg/mem[89][6]_i_1/O
                         net (fo=1, routed)           0.000    27.598    dmem/mem_reg[89][7]_1[6]
    SLICE_X31Y50         FDRE                                         r  dmem/mem_reg[89][6]/D
  -------------------------------------------------------------------    -------------------





Min Delay Paths
--------------------------------------------------------------------------------------
Slack:                    inf
  Source:                 pc_reg/current_reg[12]/C
                            (rising edge-triggered cell FDCE)
  Destination:            pc_reg/current_reg[12]/D
  Path Group:             (none)
  Path Type:              Min at Fast Process Corner
  Data Path Delay:        0.422ns  (logic 0.273ns (64.655%)  route 0.149ns (35.345%))
  Logic Levels:           3  (CARRY4=1 FDCE=1 LUT5=1)

    Location             Delay type                Incr(ns)  Path(ns)    Netlist Resource(s)
  -------------------------------------------------------------------    -------------------
    SLICE_X46Y42         FDCE                         0.000     0.000 r  pc_reg/current_reg[12]/C
    SLICE_X46Y42         FDCE (Prop_fdce_C_Q)         0.164     0.164 r  pc_reg/current_reg[12]/Q
                         net (fo=4, routed)           0.149     0.313    pc_reg/Q[11]
    SLICE_X46Y42         LUT5 (Prop_lut5_I4_O)        0.045     0.358 r  pc_reg/current[12]_i_6/O
                         net (fo=1, routed)           0.000     0.358    pc_reg/current[12]_i_6_n_0
    SLICE_X46Y42         CARRY4 (Prop_carry4_S[3]_O[3])
                                                      0.064     0.422 r  pc_reg/current_reg[12]_i_1/O[3]
                         net (fo=1, routed)           0.000     0.422    pc_reg/current_reg[12]_i_1_n_4
    SLICE_X46Y42         FDCE                                         r  pc_reg/current_reg[12]/D
  -------------------------------------------------------------------    -------------------

Slack:                    inf
  Source:                 pc_reg/current_reg[4]/C
                            (rising edge-triggered cell FDCE)
  Destination:            pc_reg/current_reg[4]/D
  Path Group:             (none)
  Path Type:              Min at Fast Process Corner
  Data Path Delay:        0.459ns  (logic 0.273ns (59.501%)  route 0.186ns (40.499%))
  Logic Levels:           3  (CARRY4=1 FDCE=1 LUT6=1)

    Location             Delay type                Incr(ns)  Path(ns)    Netlist Resource(s)
  -------------------------------------------------------------------    -------------------
    SLICE_X46Y40         FDCE                         0.000     0.000 r  pc_reg/current_reg[4]/C
    SLICE_X46Y40         FDCE (Prop_fdce_C_Q)         0.164     0.164 r  pc_reg/current_reg[4]/Q
                         net (fo=23, routed)          0.186     0.350    pc_reg/Q[3]
    SLICE_X46Y40         LUT6 (Prop_lut6_I5_O)        0.045     0.395 r  pc_reg/current[4]_i_4/O
                         net (fo=1, routed)           0.000     0.395    pc_reg/current[4]_i_4_n_0
    SLICE_X46Y40         CARRY4 (Prop_carry4_S[3]_O[3])
                                                      0.064     0.459 r  pc_reg/current_reg[4]_i_1/O[3]
                         net (fo=1, routed)           0.000     0.459    pc_reg/current_reg[4]_i_1_n_4
    SLICE_X46Y40         FDCE                                         r  pc_reg/current_reg[4]/D
  -------------------------------------------------------------------    -------------------

Slack:                    inf
  Source:                 pc_reg/current_reg[13]/C
                            (rising edge-triggered cell FDCE)
  Destination:            pc_reg/current_reg[14]/D
  Path Group:             (none)
  Path Type:              Min at Fast Process Corner
  Data Path Delay:        0.463ns  (logic 0.275ns (59.428%)  route 0.188ns (40.572%))
  Logic Levels:           3  (CARRY4=1 FDCE=1 LUT3=1)

    Location             Delay type                Incr(ns)  Path(ns)    Netlist Resource(s)
  -------------------------------------------------------------------    -------------------
    SLICE_X46Y43         FDCE                         0.000     0.000 r  pc_reg/current_reg[13]/C
    SLICE_X46Y43         FDCE (Prop_fdce_C_Q)         0.164     0.164 r  pc_reg/current_reg[13]/Q
                         net (fo=4, routed)           0.188     0.352    pc_reg/Q[12]
    SLICE_X46Y43         LUT3 (Prop_lut3_I0_O)        0.045     0.397 r  pc_reg/current[15]_i_5/O
                         net (fo=1, routed)           0.000     0.397    pc_reg/current[15]_i_5_n_0
    SLICE_X46Y43         CARRY4 (Prop_carry4_S[1]_O[1])
                                                      0.066     0.463 r  pc_reg/current_reg[15]_i_1/O[1]
                         net (fo=1, routed)           0.000     0.463    pc_reg/current_reg[15]_i_1_n_6
    SLICE_X46Y43         FDCE                                         r  pc_reg/current_reg[14]/D
  -------------------------------------------------------------------    -------------------

Slack:                    inf
  Source:                 pc_reg/current_reg[13]/C
                            (rising edge-triggered cell FDCE)
  Destination:            pc_reg/current_reg[13]/D
  Path Group:             (none)
  Path Type:              Min at Fast Process Corner
  Data Path Delay:        0.467ns  (logic 0.279ns (59.776%)  route 0.188ns (40.224%))
  Logic Levels:           3  (CARRY4=1 FDCE=1 LUT3=1)

    Location             Delay type                Incr(ns)  Path(ns)    Netlist Resource(s)
  -------------------------------------------------------------------    -------------------
    SLICE_X46Y43         FDCE                         0.000     0.000 r  pc_reg/current_reg[13]/C
    SLICE_X46Y43         FDCE (Prop_fdce_C_Q)         0.164     0.164 r  pc_reg/current_reg[13]/Q
                         net (fo=4, routed)           0.188     0.352    pc_reg/Q[12]
    SLICE_X46Y43         LUT3 (Prop_lut3_I2_O)        0.045     0.397 r  pc_reg/current[15]_i_6/O
                         net (fo=1, routed)           0.000     0.397    pc_reg/current[15]_i_6_n_0
    SLICE_X46Y43         CARRY4 (Prop_carry4_S[0]_O[0])
                                                      0.070     0.467 r  pc_reg/current_reg[15]_i_1/O[0]
                         net (fo=1, routed)           0.000     0.467    pc_reg/current_reg[15]_i_1_n_7
    SLICE_X46Y43         FDCE                                         r  pc_reg/current_reg[13]/D
  -------------------------------------------------------------------    -------------------

Slack:                    inf
  Source:                 pc_reg/current_reg[2]/C
                            (rising edge-triggered cell FDCE)
  Destination:            pc_reg/current_reg[2]/D
  Path Group:             (none)
  Path Type:              Min at Fast Process Corner
  Data Path Delay:        0.487ns  (logic 0.275ns (56.423%)  route 0.212ns (43.577%))
  Logic Levels:           3  (CARRY4=1 FDCE=1 LUT6=1)

    Location             Delay type                Incr(ns)  Path(ns)    Netlist Resource(s)
  -------------------------------------------------------------------    -------------------
    SLICE_X46Y40         FDCE                         0.000     0.000 r  pc_reg/current_reg[2]/C
    SLICE_X46Y40         FDCE (Prop_fdce_C_Q)         0.164     0.164 r  pc_reg/current_reg[2]/Q
                         net (fo=25, routed)          0.212     0.376    pc_reg/Q[1]
    SLICE_X46Y40         LUT6 (Prop_lut6_I2_O)        0.045     0.421 r  pc_reg/current[4]_i_6/O
                         net (fo=1, routed)           0.000     0.421    pc_reg/current[4]_i_6_n_0
    SLICE_X46Y40         CARRY4 (Prop_carry4_S[1]_O[1])
                                                      0.066     0.487 r  pc_reg/current_reg[4]_i_1/O[1]
                         net (fo=1, routed)           0.000     0.487    pc_reg/current_reg[4]_i_1_n_6
    SLICE_X46Y40         FDCE                                         r  pc_reg/current_reg[2]/D
  -------------------------------------------------------------------    -------------------

Slack:                    inf
  Source:                 pc_reg/current_reg[14]/C
                            (rising edge-triggered cell FDCE)
  Destination:            pc_reg/current_reg[15]/D
  Path Group:             (none)
  Path Type:              Min at Fast Process Corner
  Data Path Delay:        0.496ns  (logic 0.274ns (55.259%)  route 0.222ns (44.741%))
  Logic Levels:           3  (CARRY4=1 FDCE=1 LUT3=1)

    Location             Delay type                Incr(ns)  Path(ns)    Netlist Resource(s)
  -------------------------------------------------------------------    -------------------
    SLICE_X46Y43         FDCE                         0.000     0.000 r  pc_reg/current_reg[14]/C
    SLICE_X46Y43         FDCE (Prop_fdce_C_Q)         0.164     0.164 r  pc_reg/current_reg[14]/Q
                         net (fo=3, routed)           0.222     0.386    pc_reg/Q[13]
    SLICE_X46Y43         LUT3 (Prop_lut3_I1_O)        0.045     0.431 r  pc_reg/current[15]_i_4/O
                         net (fo=1, routed)           0.000     0.431    pc_reg/current[15]_i_4_n_0
    SLICE_X46Y43         CARRY4 (Prop_carry4_S[2]_O[2])
                                                      0.065     0.496 r  pc_reg/current_reg[15]_i_1/O[2]
                         net (fo=1, routed)           0.000     0.496    pc_reg/current_reg[15]_i_1_n_5
    SLICE_X46Y43         FDCE                                         r  pc_reg/current_reg[15]/D
  -------------------------------------------------------------------    -------------------

Slack:                    inf
  Source:                 pc_reg/current_reg[5]/C
                            (rising edge-triggered cell FDCE)
  Destination:            pc_reg/current_reg[5]/D
  Path Group:             (none)
  Path Type:              Min at Fast Process Corner
  Data Path Delay:        0.503ns  (logic 0.279ns (55.473%)  route 0.224ns (44.527%))
  Logic Levels:           3  (CARRY4=1 FDCE=1 LUT6=1)

    Location             Delay type                Incr(ns)  Path(ns)    Netlist Resource(s)
  -------------------------------------------------------------------    -------------------
    SLICE_X46Y41         FDCE                         0.000     0.000 r  pc_reg/current_reg[5]/C
    SLICE_X46Y41         FDCE (Prop_fdce_C_Q)         0.164     0.164 r  pc_reg/current_reg[5]/Q
                         net (fo=8, routed)           0.224     0.388    pc_reg/Q[4]
    SLICE_X46Y41         LUT6 (Prop_lut6_I5_O)        0.045     0.433 r  pc_reg/current[8]_i_9/O
                         net (fo=1, routed)           0.000     0.433    pc_reg/current[8]_i_9_n_0
    SLICE_X46Y41         CARRY4 (Prop_carry4_S[0]_O[0])
                                                      0.070     0.503 r  pc_reg/current_reg[8]_i_1/O[0]
                         net (fo=1, routed)           0.000     0.503    pc_reg/current_reg[8]_i_1_n_7
    SLICE_X46Y41         FDCE                                         r  pc_reg/current_reg[5]/D
  -------------------------------------------------------------------    -------------------

Slack:                    inf
  Source:                 pc_reg/current_reg[9]/C
                            (rising edge-triggered cell FDCE)
  Destination:            pc_reg/current_reg[10]/D
  Path Group:             (none)
  Path Type:              Min at Fast Process Corner
  Data Path Delay:        0.511ns  (logic 0.275ns (53.868%)  route 0.236ns (46.132%))
  Logic Levels:           3  (CARRY4=1 FDCE=1 LUT6=1)

    Location             Delay type                Incr(ns)  Path(ns)    Netlist Resource(s)
  -------------------------------------------------------------------    -------------------
    SLICE_X46Y42         FDCE                         0.000     0.000 r  pc_reg/current_reg[9]/C
    SLICE_X46Y42         FDCE (Prop_fdce_C_Q)         0.164     0.164 r  pc_reg/current_reg[9]/Q
                         net (fo=4, routed)           0.236     0.400    pc_reg/Q[8]
    SLICE_X46Y42         LUT6 (Prop_lut6_I1_O)        0.045     0.445 r  pc_reg/current[12]_i_8/O
                         net (fo=1, routed)           0.000     0.445    pc_reg/current[12]_i_8_n_0
    SLICE_X46Y42         CARRY4 (Prop_carry4_S[1]_O[1])
                                                      0.066     0.511 r  pc_reg/current_reg[12]_i_1/O[1]
                         net (fo=1, routed)           0.000     0.511    pc_reg/current_reg[12]_i_1_n_6
    SLICE_X46Y42         FDCE                                         r  pc_reg/current_reg[10]/D
  -------------------------------------------------------------------    -------------------

Slack:                    inf
  Source:                 pc_reg/current_reg[1]/C
                            (rising edge-triggered cell FDCE)
  Destination:            pc_reg/current_reg[1]/D
  Path Group:             (none)
  Path Type:              Min at Fast Process Corner
  Data Path Delay:        0.511ns  (logic 0.279ns (54.621%)  route 0.232ns (45.379%))
  Logic Levels:           3  (CARRY4=1 FDCE=1 LUT3=1)

    Location             Delay type                Incr(ns)  Path(ns)    Netlist Resource(s)
  -------------------------------------------------------------------    -------------------
    SLICE_X46Y40         FDCE                         0.000     0.000 r  pc_reg/current_reg[1]/C
    SLICE_X46Y40         FDCE (Prop_fdce_C_Q)         0.164     0.164 r  pc_reg/current_reg[1]/Q
                         net (fo=28, routed)          0.232     0.396    pc_reg/Q[0]
    SLICE_X46Y40         LUT3 (Prop_lut3_I0_O)        0.045     0.441 r  pc_reg/current[4]_i_7/O
                         net (fo=1, routed)           0.000     0.441    pc_reg/current[4]_i_7_n_0
    SLICE_X46Y40         CARRY4 (Prop_carry4_S[0]_O[0])
                                                      0.070     0.511 r  pc_reg/current_reg[4]_i_1/O[0]
                         net (fo=1, routed)           0.000     0.511    pc_reg/current_reg[4]_i_1_n_7
    SLICE_X46Y40         FDCE                                         r  pc_reg/current_reg[1]/D
  -------------------------------------------------------------------    -------------------

Slack:                    inf
  Source:                 pc_reg/current_reg[7]/C
                            (rising edge-triggered cell FDCE)
  Destination:            pc_reg/current_reg[8]/D
  Path Group:             (none)
  Path Type:              Min at Fast Process Corner
  Data Path Delay:        0.512ns  (logic 0.273ns (53.340%)  route 0.239ns (46.660%))
  Logic Levels:           3  (CARRY4=1 FDCE=1 LUT5=1)

    Location             Delay type                Incr(ns)  Path(ns)    Netlist Resource(s)
  -------------------------------------------------------------------    -------------------
    SLICE_X46Y41         FDCE                         0.000     0.000 r  pc_reg/current_reg[7]/C
    SLICE_X46Y41         FDCE (Prop_fdce_C_Q)         0.164     0.164 r  pc_reg/current_reg[7]/Q
                         net (fo=8, routed)           0.239     0.403    pc_reg/Q[6]
    SLICE_X46Y41         LUT5 (Prop_lut5_I2_O)        0.045     0.448 r  pc_reg/current[8]_i_6/O
                         net (fo=1, routed)           0.000     0.448    pc_reg/current[8]_i_6_n_0
    SLICE_X46Y41         CARRY4 (Prop_carry4_S[3]_O[3])
                                                      0.064     0.512 r  pc_reg/current_reg[8]_i_1/O[3]
                         net (fo=1, routed)           0.000     0.512    pc_reg/current_reg[8]_i_1_n_4
    SLICE_X46Y41         FDCE                                         r  pc_reg/current_reg[8]/D
  -------------------------------------------------------------------    -------------------





