
*** Running vivado
    with args -log datapath.vdi -applog -m64 -product Vivado -messageDb vivado.pb -mode batch -source datapath.tcl -notrace



****** Vivado v2025.2 (64-bit)
  **** SW Build 6299465 on Fri Nov 14 19:35:11 GMT 2025
  **** IP Build 6300035 on Fri Nov 14 10:48:45 MST 2025
  **** SharedData Build 6298862 on Thu Nov 13 04:50:51 MST 2025
  **** Start of session at: Mon Apr 13 21:56:01 2026
    ** Copyright 1986-2022 Xilinx, Inc. All Rights Reserved.
    ** Copyright 2022-2025 Advanced Micro Devices, Inc. All Rights Reserved.

source datapath.tcl -notrace
create_project: Time (s): cpu = 00:00:11 ; elapsed = 00:00:07 . Memory (MB): peak = 529.137 ; gain = 218.137
Command: link_design -top datapath -part xc7a35tcpg236-1
Design is defaulting to srcset: sources_1
Design is defaulting to constrset: constrs_1
INFO: [Device 21-403] Loading part xc7a35tcpg236-1
Netlist sorting complete. Time (s): cpu = 00:00:00 ; elapsed = 00:00:00.040 . Memory (MB): peak = 747.641 ; gain = 0.000
INFO: [Netlist 29-17] Analyzing 826 Unisim elements for replacement
INFO: [Netlist 29-28] Unisim Transformation completed in 1 CPU seconds
INFO: [Project 1-479] Netlist was created with Vivado 2025.2
INFO: [Project 1-570] Preparing netlist for logic optimization
Parsing XDC File [E:/Vivado projects/CSE_Project1/project_1/project_1.srcs/constrs_1/new/board.xdc]
Finished Parsing XDC File [E:/Vivado projects/CSE_Project1/project_1/project_1.srcs/constrs_1/new/board.xdc]
INFO: [Opt 31-138] Pushed 0 inverter(s) to 0 load pin(s).
Netlist sorting complete. Time (s): cpu = 00:00:00 ; elapsed = 00:00:00.001 . Memory (MB): peak = 871.020 ; gain = 0.000
INFO: [Project 1-111] Unisim Transformation Summary:
  A total of 16 instances were transformed.
  RAM16X1D => RAM32X1D (RAMD32(x2)): 16 instances

7 Infos, 0 Warnings, 0 Critical Warnings and 0 Errors encountered.
link_design completed successfully
link_design: Time (s): cpu = 00:00:05 ; elapsed = 00:00:06 . Memory (MB): peak = 871.020 ; gain = 341.883
Command: opt_design
Attempting to get a license for feature 'Implementation' and/or device 'xc7a35t'
INFO: [Common 17-349] Got license for feature 'Implementation' and/or device 'xc7a35t'
Running DRC as a precondition to command opt_design

Starting DRC Task
INFO: [DRC 23-27] Running DRC with 2 threads
INFO: [Project 1-461] DRC finished with 0 Errors
INFO: [Project 1-462] Please refer to the DRC report (report_drc) for more information.

Time (s): cpu = 00:00:01 ; elapsed = 00:00:00.769 . Memory (MB): peak = 905.652 ; gain = 34.633

Starting Cache Timing Information Task
INFO: [Timing 38-35] Done setting XDC timing constraints.
Ending Cache Timing Information Task | Checksum: 1ab026ae8

Time (s): cpu = 00:00:06 ; elapsed = 00:00:07 . Memory (MB): peak = 1450.684 ; gain = 545.031

Starting Logic Optimization Task

Phase 1 Initialization

Phase 1.1 Core Generation And Design Setup
Phase 1.1 Core Generation And Design Setup | Checksum: 1ab026ae8

Time (s): cpu = 00:00:00 ; elapsed = 00:00:00.006 . Memory (MB): peak = 1911.246 ; gain = 0.000

Phase 1.2 Setup Constraints And Sort Netlist
Phase 1.2 Setup Constraints And Sort Netlist | Checksum: 1ab026ae8

Time (s): cpu = 00:00:00 ; elapsed = 00:00:00.010 . Memory (MB): peak = 1911.246 ; gain = 0.000
Phase 1 Initialization | Checksum: 1ab026ae8

Time (s): cpu = 00:00:00 ; elapsed = 00:00:00.011 . Memory (MB): peak = 1911.246 ; gain = 0.000

Phase 2 Timer Update And Timing Data Collection

Phase 2.1 Detect if minReqCache needed
Phase 2.1 Detect if minReqCache needed | Checksum: 1ab026ae8

Time (s): cpu = 00:00:00 ; elapsed = 00:00:00.020 . Memory (MB): peak = 1911.250 ; gain = 0.004

Phase 2.2 Timer Update
Phase 2.2 Timer Update | Checksum: 1ab026ae8

Time (s): cpu = 00:00:00 ; elapsed = 00:00:00.090 . Memory (MB): peak = 1911.250 ; gain = 0.004

Phase 2.3 Timing Data Collection
Phase 2.3 Timing Data Collection | Checksum: 1ab026ae8

Time (s): cpu = 00:00:00 ; elapsed = 00:00:00.095 . Memory (MB): peak = 1911.250 ; gain = 0.004
Phase 2 Timer Update And Timing Data Collection | Checksum: 1ab026ae8

Time (s): cpu = 00:00:00 ; elapsed = 00:00:00.096 . Memory (MB): peak = 1911.250 ; gain = 0.004

Phase 3 Retarget
INFO: [Opt 31-1851] Number of loadless carry chains removed were: 0
INFO: [Opt 31-1834] Total Chains To Be Transformed Were: 0 AND Number of Transformed insts Created are: 0
INFO: [Opt 31-138] Pushed 0 inverter(s) to 0 load pin(s).
INFO: [Opt 31-49] Retargeted 0 cell(s).
Phase 3 Retarget | Checksum: 1ab026ae8

Time (s): cpu = 00:00:01 ; elapsed = 00:00:00.179 . Memory (MB): peak = 1911.250 ; gain = 0.004
Retarget | Checksum: 1ab026ae8
INFO: [Opt 31-389] Phase Retarget created 0 cells and removed 0 cells

Phase 4 Constant propagation
INFO: [Opt 31-138] Pushed 0 inverter(s) to 0 load pin(s).
Phase 4 Constant propagation | Checksum: 27122af22

Time (s): cpu = 00:00:01 ; elapsed = 00:00:00.240 . Memory (MB): peak = 1911.250 ; gain = 0.004
Constant propagation | Checksum: 27122af22
INFO: [Opt 31-389] Phase Constant propagation created 0 cells and removed 0 cells

Phase 5 Sweep
INFO: [Constraints 18-11670] Building netlist checker database with flags, 0x8
Done building netlist checker database: Time (s): cpu = 00:00:00 ; elapsed = 00:00:00.001 . Memory (MB): peak = 1911.250 ; gain = 0.000
Phase 5 Sweep | Checksum: 206b7c87c

Time (s): cpu = 00:00:01 ; elapsed = 00:00:00.292 . Memory (MB): peak = 1911.250 ; gain = 0.004
Sweep | Checksum: 206b7c87c
INFO: [Opt 31-389] Phase Sweep created 0 cells and removed 0 cells

Phase 6 BUFG optimization
Phase 6 BUFG optimization | Checksum: 206b7c87c

Time (s): cpu = 00:00:01 ; elapsed = 00:00:00.345 . Memory (MB): peak = 1911.250 ; gain = 0.004
BUFG optimization | Checksum: 206b7c87c
INFO: [Opt 31-662] Phase BUFG optimization created 0 cells of which 0 are BUFGs and removed 0 cells.

Phase 7 Shift Register Optimization
INFO: [Opt 31-1064] SRL Remap converted 0 SRLs to 0 registers and converted 0 registers of register chains to 0 SRLs
Phase 7 Shift Register Optimization | Checksum: 206b7c87c

Time (s): cpu = 00:00:01 ; elapsed = 00:00:00.358 . Memory (MB): peak = 1911.250 ; gain = 0.004
Shift Register Optimization | Checksum: 206b7c87c
INFO: [Opt 31-389] Phase Shift Register Optimization created 0 cells and removed 0 cells

Phase 8 Post Processing Netlist
Phase 8 Post Processing Netlist | Checksum: 206b7c87c

Time (s): cpu = 00:00:01 ; elapsed = 00:00:00.374 . Memory (MB): peak = 1911.250 ; gain = 0.004
Post Processing Netlist | Checksum: 206b7c87c
INFO: [Opt 31-389] Phase Post Processing Netlist created 0 cells and removed 0 cells

Phase 9 Finalization

Phase 9.1 Finalizing Design Cores and Updating Shapes
Phase 9.1 Finalizing Design Cores and Updating Shapes | Checksum: 13b94460a

Time (s): cpu = 00:00:01 ; elapsed = 00:00:00.400 . Memory (MB): peak = 1911.250 ; gain = 0.004

Phase 9.2 Verifying Netlist Connectivity

Starting Connectivity Check Task

Time (s): cpu = 00:00:00 ; elapsed = 00:00:00.016 . Memory (MB): peak = 1911.250 ; gain = 0.000
Phase 9.2 Verifying Netlist Connectivity | Checksum: 13b94460a

Time (s): cpu = 00:00:01 ; elapsed = 00:00:00.417 . Memory (MB): peak = 1911.250 ; gain = 0.004
Phase 9 Finalization | Checksum: 13b94460a

Time (s): cpu = 00:00:01 ; elapsed = 00:00:00.419 . Memory (MB): peak = 1911.250 ; gain = 0.004
Opt_design Change Summary
=========================


-------------------------------------------------------------------------------------------------------------------------
|  Phase                        |  #Cells created  |  #Cells Removed  |  #Constrained objects preventing optimizations  |
-------------------------------------------------------------------------------------------------------------------------
|  Retarget                     |               0  |               0  |                                              0  |
|  Constant propagation         |               0  |               0  |                                              0  |
|  Sweep                        |               0  |               0  |                                              0  |
|  BUFG optimization            |               0  |               0  |                                              0  |
|  Shift Register Optimization  |               0  |               0  |                                              0  |
|  Post Processing Netlist      |               0  |               0  |                                              0  |
-------------------------------------------------------------------------------------------------------------------------


Ending Logic Optimization Task | Checksum: 13b94460a

Time (s): cpu = 00:00:01 ; elapsed = 00:00:00.423 . Memory (MB): peak = 1911.250 ; gain = 0.004

Starting Power Optimization Task
INFO: [Pwropt 34-132] Skipping clock gating for clocks with a period < 2.00 ns.
Ending Power Optimization Task | Checksum: 13b94460a

Time (s): cpu = 00:00:00 ; elapsed = 00:00:00.014 . Memory (MB): peak = 1911.250 ; gain = 0.000

Starting Final Cleanup Task
Ending Final Cleanup Task | Checksum: 13b94460a

Time (s): cpu = 00:00:00 ; elapsed = 00:00:00.002 . Memory (MB): peak = 1911.250 ; gain = 0.000
Netlist sorting complete. Time (s): cpu = 00:00:00 ; elapsed = 00:00:00.002 . Memory (MB): peak = 1911.250 ; gain = 0.000
INFO: [Common 17-83] Releasing license: Implementation
27 Infos, 0 Warnings, 0 Critical Warnings and 0 Errors encountered.
opt_design completed successfully
opt_design: Time (s): cpu = 00:00:12 ; elapsed = 00:00:13 . Memory (MB): peak = 1911.250 ; gain = 1040.230
INFO: [Vivado 12-24828] Executing command : report_drc -file datapath_drc_opted.rpt -pb datapath_drc_opted.pb -rpx datapath_drc_opted.rpx
Command: report_drc -file datapath_drc_opted.rpt -pb datapath_drc_opted.pb -rpx datapath_drc_opted.rpx
INFO: [IP_Flow 19-234] Refreshing IP repositories
INFO: [IP_Flow 19-1704] No user IP repositories specified
INFO: [IP_Flow 19-2313] Loaded Vivado IP repository 'E:/2025.2/Vivado/data/ip'.
INFO: [DRC 23-27] Running DRC with 2 threads
INFO: [Vivado_Tcl 2-168] The results of DRC are in file E:/Vivado projects/CSE_Project1/project_1/project_1.runs/impl_1/datapath_drc_opted.rpt.
report_drc completed successfully
INFO: [Timing 38-480] Writing timing data to binary archive.
Wrote PlaceDB: Time (s): cpu = 00:00:00 ; elapsed = 00:00:00 . Memory (MB): peak = 1911.250 ; gain = 0.000
Wrote PulsedLatchDB: Time (s): cpu = 00:00:00 ; elapsed = 00:00:00 . Memory (MB): peak = 1911.250 ; gain = 0.000
Writing XDEF routing.
Write ShapeDB Complete: Time (s): cpu = 00:00:00 ; elapsed = 00:00:00.012 . Memory (MB): peak = 1911.250 ; gain = 0.000
Writing XDEF routing logical nets.
Writing XDEF routing special nets.
Wrote RouteStorage: Time (s): cpu = 00:00:00 ; elapsed = 00:00:00.020 . Memory (MB): peak = 1911.250 ; gain = 0.000
Wrote PlaceStorage: Time (s): cpu = 00:00:00 ; elapsed = 00:00:00.002 . Memory (MB): peak = 1911.250 ; gain = 0.000
Wrote Netlist Cache: Time (s): cpu = 00:00:00 ; elapsed = 00:00:00 . Memory (MB): peak = 1911.250 ; gain = 0.000
Wrote Device Cache: Time (s): cpu = 00:00:00 ; elapsed = 00:00:00.006 . Memory (MB): peak = 1911.250 ; gain = 0.000
Write Physdb Complete: Time (s): cpu = 00:00:00 ; elapsed = 00:00:00.033 . Memory (MB): peak = 1911.250 ; gain = 0.000
INFO: [Common 17-1381] The checkpoint 'E:/Vivado projects/CSE_Project1/project_1/project_1.runs/impl_1/datapath_opt.dcp' has been generated.
Command: place_design
Attempting to get a license for feature 'Implementation' and/or device 'xc7a35t'
INFO: [Common 17-349] Got license for feature 'Implementation' and/or device 'xc7a35t'
INFO: [Common 17-83] Releasing license: Implementation
INFO: [DRC 23-27] Running DRC with 2 threads
INFO: [Vivado_Tcl 4-198] DRC finished with 0 Errors
INFO: [Vivado_Tcl 4-199] Please refer to the DRC report (report_drc) for more information.
INFO: [Timing 38-35] Done setting XDC timing constraints.
Running DRC as a precondition to command place_design
INFO: [DRC 23-27] Running DRC with 2 threads
INFO: [Vivado_Tcl 4-198] DRC finished with 0 Errors
INFO: [Vivado_Tcl 4-199] Please refer to the DRC report (report_drc) for more information.
INFO: [Place 30-611] Multithreading enabled for place_design using a maximum of 2 CPUs

Starting Placer Task

Phase 1 Placer Initialization

Phase 1.1 Placer Initialization Netlist Sorting
Netlist sorting complete. Time (s): cpu = 00:00:00 ; elapsed = 00:00:00.002 . Memory (MB): peak = 1911.250 ; gain = 0.000
Phase 1.1 Placer Initialization Netlist Sorting | Checksum: f73e1065

Time (s): cpu = 00:00:00 ; elapsed = 00:00:00.005 . Memory (MB): peak = 1911.250 ; gain = 0.000
Netlist sorting complete. Time (s): cpu = 00:00:00 ; elapsed = 00:00:00.001 . Memory (MB): peak = 1911.250 ; gain = 0.000

Phase 1.2 IO Placement/ Clock Placement/ Build Placer Device
WARNING: [Place 30-574] Poor placement for routing between an IO pin and BUFG. This is normally an ERROR but the CLOCK_DEDICATED_ROUTE constraint is set to FALSE allowing your design to continue. The use of this override is highly discouraged as it may lead to very poor timing results. It is recommended that this error condition be corrected in the design.

	clk_IBUF_inst (IBUF.O) is locked to IOB_X0Y16
	clk_IBUF_BUFG_inst (BUFG.I) is provisionally placed by clockplacer on BUFGCTRL_X0Y0
Resolution: Poor placement of an IO pin and a BUFG has resulted in the router using a non-dedicated path between the two.  There are several things that could trigger this DRC, each of which can cause unpredictable clock insertion delays that result in poor timing.  This DRC could be caused by any of the following: (a) a clock port was placed on a pin that is not a CCIO-pin (b)the BUFG has not been placed in the same half of the device or SLR as the CCIO-pin (c) a single ended clock has been placed on the N-Side of a differential pair CCIO-pin.
Phase 1.2 IO Placement/ Clock Placement/ Build Placer Device | Checksum: 1a3757f56

Time (s): cpu = 00:00:01 ; elapsed = 00:00:00.485 . Memory (MB): peak = 1911.250 ; gain = 0.000

Phase 1.3 Build Placer Netlist Model
Phase 1.3 Build Placer Netlist Model | Checksum: 1dd72b52d

Time (s): cpu = 00:00:01 ; elapsed = 00:00:00.790 . Memory (MB): peak = 1911.250 ; gain = 0.000

Phase 1.4 Constrain Clocks/Macros
Phase 1.4 Constrain Clocks/Macros | Checksum: 1dd72b52d

Time (s): cpu = 00:00:01 ; elapsed = 00:00:00.807 . Memory (MB): peak = 1911.250 ; gain = 0.000
Phase 1 Placer Initialization | Checksum: 1dd72b52d

Time (s): cpu = 00:00:01 ; elapsed = 00:00:00.815 . Memory (MB): peak = 1911.250 ; gain = 0.000

Phase 2 Global Placement

Phase 2.1 Floorplanning
Phase 2.1 Floorplanning | Checksum: 1dd72b52d

Time (s): cpu = 00:00:01 ; elapsed = 00:00:00.825 . Memory (MB): peak = 1911.250 ; gain = 0.000

Phase 2.2 Update Timing before SLR Path Opt
Phase 2.2 Update Timing before SLR Path Opt | Checksum: 1dd72b52d

Time (s): cpu = 00:00:01 ; elapsed = 00:00:00.828 . Memory (MB): peak = 1911.250 ; gain = 0.000

Phase 2.3 Post-Processing in Floorplanning
Phase 2.3 Post-Processing in Floorplanning | Checksum: 1dd72b52d

Time (s): cpu = 00:00:01 ; elapsed = 00:00:00.830 . Memory (MB): peak = 1911.250 ; gain = 0.000

Phase 2.4 Global Place Phase1
Phase 2.4 Global Place Phase1 | Checksum: 211c0b38a

Time (s): cpu = 00:00:03 ; elapsed = 00:00:02 . Memory (MB): peak = 1911.250 ; gain = 0.000

Phase 2.5 Global Place Phase2
WARNING: [Place 46-29] Timing had been disabled during Placer and, therefore, physical synthesis in Placer will be skipped.
Phase 2.5 Global Place Phase2 | Checksum: 1fb3070c4

Time (s): cpu = 00:00:03 ; elapsed = 00:00:02 . Memory (MB): peak = 1911.250 ; gain = 0.000
Phase 2 Global Placement | Checksum: 1fb3070c4

Time (s): cpu = 00:00:03 ; elapsed = 00:00:02 . Memory (MB): peak = 1911.250 ; gain = 0.000

Phase 3 Detail Placement

Phase 3.1 Commit Multi Column Macros
Phase 3.1 Commit Multi Column Macros | Checksum: 1fb3070c4

Time (s): cpu = 00:00:03 ; elapsed = 00:00:02 . Memory (MB): peak = 1911.250 ; gain = 0.000

Phase 3.2 Commit Most Macros & LUTRAMs
Phase 3.2 Commit Most Macros & LUTRAMs | Checksum: 1418e0e7b

Time (s): cpu = 00:00:03 ; elapsed = 00:00:02 . Memory (MB): peak = 1911.250 ; gain = 0.000

Phase 3.3 Area Swap Optimization
Phase 3.3 Area Swap Optimization | Checksum: 1347132ad

Time (s): cpu = 00:00:03 ; elapsed = 00:00:02 . Memory (MB): peak = 1911.250 ; gain = 0.000

Phase 3.4 Pipeline Register Optimization
Phase 3.4 Pipeline Register Optimization | Checksum: 1347132ad

Time (s): cpu = 00:00:03 ; elapsed = 00:00:02 . Memory (MB): peak = 1911.250 ; gain = 0.000

Phase 3.5 Small Shape Detail Placement
Phase 3.5 Small Shape Detail Placement | Checksum: 153f390f4

Time (s): cpu = 00:00:06 ; elapsed = 00:00:05 . Memory (MB): peak = 1911.250 ; gain = 0.000

Phase 3.6 Re-assign LUT pins
Phase 3.6 Re-assign LUT pins | Checksum: 153f390f4

Time (s): cpu = 00:00:07 ; elapsed = 00:00:06 . Memory (MB): peak = 1911.250 ; gain = 0.000

Phase 3.7 Pipeline Register Optimization
Phase 3.7 Pipeline Register Optimization | Checksum: 153f390f4

Time (s): cpu = 00:00:07 ; elapsed = 00:00:06 . Memory (MB): peak = 1911.250 ; gain = 0.000
Phase 3 Detail Placement | Checksum: 153f390f4

Time (s): cpu = 00:00:07 ; elapsed = 00:00:06 . Memory (MB): peak = 1911.250 ; gain = 0.000

Phase 4 Post Placement Optimization and Clean-Up

Phase 4.1 Post Commit Optimization
Phase 4.1 Post Commit Optimization | Checksum: 153f390f4

Time (s): cpu = 00:00:07 ; elapsed = 00:00:07 . Memory (MB): peak = 1911.250 ; gain = 0.000

Phase 4.2 Post Placement Cleanup
Phase 4.2 Post Placement Cleanup | Checksum: 153f390f4

Time (s): cpu = 00:00:07 ; elapsed = 00:00:07 . Memory (MB): peak = 1911.250 ; gain = 0.000

Phase 4.3 Placer Reporting

Phase 4.3.1 Print Estimated Congestion
INFO: [Place 30-612] Post-Placement Estimated Congestion 
 ____________________________________________________
|           | Global Congestion | Short Congestion  |
| Direction | Region Size       | Region Size       |
|___________|___________________|___________________|
|      North|                1x1|                2x2|
|___________|___________________|___________________|
|      South|                1x1|                1x1|
|___________|___________________|___________________|
|       East|                1x1|                1x1|
|___________|___________________|___________________|
|       West|                1x1|                1x1|
|___________|___________________|___________________|

Phase 4.3.1 Print Estimated Congestion | Checksum: 153f390f4

Time (s): cpu = 00:00:07 ; elapsed = 00:00:07 . Memory (MB): peak = 1911.250 ; gain = 0.000
Phase 4.3 Placer Reporting | Checksum: 153f390f4

Time (s): cpu = 00:00:07 ; elapsed = 00:00:07 . Memory (MB): peak = 1911.250 ; gain = 0.000

Phase 4.4 Final Placement Cleanup
Netlist sorting complete. Time (s): cpu = 00:00:00 ; elapsed = 00:00:00.002 . Memory (MB): peak = 1911.250 ; gain = 0.000

Time (s): cpu = 00:00:07 ; elapsed = 00:00:07 . Memory (MB): peak = 1911.250 ; gain = 0.000
Phase 4 Post Placement Optimization and Clean-Up | Checksum: 1085ded58

Time (s): cpu = 00:00:08 ; elapsed = 00:00:07 . Memory (MB): peak = 1911.250 ; gain = 0.000
Ending Placer Task | Checksum: dbc8c848

Time (s): cpu = 00:00:08 ; elapsed = 00:00:07 . Memory (MB): peak = 1911.250 ; gain = 0.000
46 Infos, 2 Warnings, 0 Critical Warnings and 0 Errors encountered.
place_design completed successfully
place_design: Time (s): cpu = 00:00:10 ; elapsed = 00:00:08 . Memory (MB): peak = 1911.250 ; gain = 0.000
INFO: [Vivado 12-24838] Running report commands "report_control_sets, report_io, report_utilization" in parallel.
Running report generation with 2 threads.
INFO: [Vivado 12-24828] Executing command : report_utilization -file datapath_utilization_placed.rpt -pb datapath_utilization_placed.pb
INFO: [Vivado 12-24828] Executing command : report_io -file datapath_io_placed.rpt
report_io: Time (s): cpu = 00:00:00 ; elapsed = 00:00:00.100 . Memory (MB): peak = 1911.250 ; gain = 0.000
INFO: [Vivado 12-24828] Executing command : report_control_sets -verbose -file datapath_control_sets_placed.rpt
report_control_sets: Time (s): cpu = 00:00:00 ; elapsed = 00:00:00.037 . Memory (MB): peak = 1911.250 ; gain = 0.000
INFO: [Timing 38-480] Writing timing data to binary archive.
Wrote PlaceDB: Time (s): cpu = 00:00:00 ; elapsed = 00:00:00 . Memory (MB): peak = 1911.250 ; gain = 0.000
Wrote PulsedLatchDB: Time (s): cpu = 00:00:00 ; elapsed = 00:00:00 . Memory (MB): peak = 1911.250 ; gain = 0.000
Writing XDEF routing.
Writing XDEF routing logical nets.
Write ShapeDB Complete: Time (s): cpu = 00:00:00 ; elapsed = 00:00:00.023 . Memory (MB): peak = 1911.250 ; gain = 0.000
Writing XDEF routing special nets.
Wrote RouteStorage: Time (s): cpu = 00:00:00 ; elapsed = 00:00:00.021 . Memory (MB): peak = 1911.250 ; gain = 0.000
Wrote PlaceStorage: Time (s): cpu = 00:00:01 ; elapsed = 00:00:00.264 . Memory (MB): peak = 1911.250 ; gain = 0.000
Wrote Netlist Cache: Time (s): cpu = 00:00:00 ; elapsed = 00:00:00.009 . Memory (MB): peak = 1911.250 ; gain = 0.000
Wrote Device Cache: Time (s): cpu = 00:00:00 ; elapsed = 00:00:00.006 . Memory (MB): peak = 1911.250 ; gain = 0.000
Write Physdb Complete: Time (s): cpu = 00:00:01 ; elapsed = 00:00:00.309 . Memory (MB): peak = 1911.250 ; gain = 0.000
INFO: [Common 17-1381] The checkpoint 'E:/Vivado projects/CSE_Project1/project_1/project_1.runs/impl_1/datapath_placed.dcp' has been generated.
Command: phys_opt_design
Attempting to get a license for feature 'Implementation' and/or device 'xc7a35t'
INFO: [Common 17-349] Got license for feature 'Implementation' and/or device 'xc7a35t'

Starting Initial Update Timing Task

Time (s): cpu = 00:00:02 ; elapsed = 00:00:01 . Memory (MB): peak = 1911.250 ; gain = 0.000
INFO: [Vivado_Tcl 4-235] No timing constraint found. The netlist was not modified.
INFO: [Common 17-83] Releasing license: Implementation
55 Infos, 2 Warnings, 0 Critical Warnings and 0 Errors encountered.
phys_opt_design completed successfully
INFO: [Timing 38-480] Writing timing data to binary archive.
Wrote PlaceDB: Time (s): cpu = 00:00:00 ; elapsed = 00:00:00 . Memory (MB): peak = 1911.250 ; gain = 0.000
Wrote PulsedLatchDB: Time (s): cpu = 00:00:00 ; elapsed = 00:00:00 . Memory (MB): peak = 1911.250 ; gain = 0.000
Writing XDEF routing.
Write ShapeDB Complete: Time (s): cpu = 00:00:00 ; elapsed = 00:00:00.021 . Memory (MB): peak = 1911.250 ; gain = 0.000
Writing XDEF routing logical nets.
Writing XDEF routing special nets.
Wrote RouteStorage: Time (s): cpu = 00:00:00 ; elapsed = 00:00:00.024 . Memory (MB): peak = 1911.250 ; gain = 0.000
Wrote PlaceStorage: Time (s): cpu = 00:00:01 ; elapsed = 00:00:00.268 . Memory (MB): peak = 1911.250 ; gain = 0.000
Wrote Netlist Cache: Time (s): cpu = 00:00:00 ; elapsed = 00:00:00.010 . Memory (MB): peak = 1911.250 ; gain = 0.000
Wrote Device Cache: Time (s): cpu = 00:00:00 ; elapsed = 00:00:00.005 . Memory (MB): peak = 1911.250 ; gain = 0.000
Write Physdb Complete: Time (s): cpu = 00:00:01 ; elapsed = 00:00:00.329 . Memory (MB): peak = 1911.250 ; gain = 0.000
INFO: [Common 17-1381] The checkpoint 'E:/Vivado projects/CSE_Project1/project_1/project_1.runs/impl_1/datapath_physopt.dcp' has been generated.
Command: route_design
Attempting to get a license for feature 'Implementation' and/or device 'xc7a35t'
INFO: [Common 17-349] Got license for feature 'Implementation' and/or device 'xc7a35t'


Starting Routing Task
INFO: [Route 35-254] Multithreading enabled for route_design using a maximum of 2 CPUs

Phase 1 Build RT Design
Checksum: PlaceDB: 371d14dd ConstDB: 0 ShapeSum: 42a5714 RouteDB: a0815c57
Post Restoration Checksum: NetGraph: 517a2260 | NumContArr: 9e34894f | Constraints: c2a8fa9d | Timing: c2a8fa9d
Phase 1 Build RT Design | Checksum: 27500a0e9

Time (s): cpu = 00:00:25 ; elapsed = 00:00:23 . Memory (MB): peak = 1911.250 ; gain = 0.000

Phase 2 Router Initialization
INFO: [Route 35-64] No timing constraints were detected. The router will operate in resource-optimization mode.

Phase 2.1 Fix Topology Constraints
Phase 2.1 Fix Topology Constraints | Checksum: 27500a0e9

Time (s): cpu = 00:00:25 ; elapsed = 00:00:23 . Memory (MB): peak = 1911.250 ; gain = 0.000

Phase 2.2 Pre Route Cleanup
Phase 2.2 Pre Route Cleanup | Checksum: 27500a0e9

Time (s): cpu = 00:00:25 ; elapsed = 00:00:23 . Memory (MB): peak = 1911.250 ; gain = 0.000
 Number of Nodes with overlaps = 0

Router Utilization Summary
  Global Vertical Routing Utilization    = 0 %
  Global Horizontal Routing Utilization  = 0 %
  Routable Net Status*
  *Does not include unroutable nets such as driverless and loadless.
  Run report_route_status for detailed report.
  Number of Failed Nets               = 3296
    (Failed Nets is the sum of unrouted and partially routed nets)
  Number of Unrouted Nets             = 3296
  Number of Partially Routed Nets     = 0
  Number of Node Overlaps             = 0

Phase 2 Router Initialization | Checksum: 2698b006a

Time (s): cpu = 00:00:26 ; elapsed = 00:00:23 . Memory (MB): peak = 1911.250 ; gain = 0.000

Phase 3 Global Routing
Phase 3 Global Routing | Checksum: 2698b006a

Time (s): cpu = 00:00:26 ; elapsed = 00:00:23 . Memory (MB): peak = 1911.250 ; gain = 0.000

Phase 4 Initial Routing

Phase 4.1 Initial Net Routing Pass
Phase 4.1 Initial Net Routing Pass | Checksum: 25700e3dd

Time (s): cpu = 00:00:27 ; elapsed = 00:00:24 . Memory (MB): peak = 1911.250 ; gain = 0.000
Phase 4 Initial Routing | Checksum: 25700e3dd

Time (s): cpu = 00:00:27 ; elapsed = 00:00:24 . Memory (MB): peak = 1911.250 ; gain = 0.000

Phase 5 Rip-up And Reroute

Phase 5.1 Global Iteration 0
 Number of Nodes with overlaps = 601
 Number of Nodes with overlaps = 3
 Number of Nodes with overlaps = 0
Phase 5.1 Global Iteration 0 | Checksum: 315ddf367

Time (s): cpu = 00:00:29 ; elapsed = 00:00:25 . Memory (MB): peak = 1911.250 ; gain = 0.000
Phase 5 Rip-up And Reroute | Checksum: 315ddf367

Time (s): cpu = 00:00:29 ; elapsed = 00:00:25 . Memory (MB): peak = 1911.250 ; gain = 0.000

Phase 6 Delay and Skew Optimization
Phase 6 Delay and Skew Optimization | Checksum: 315ddf367

Time (s): cpu = 00:00:29 ; elapsed = 00:00:25 . Memory (MB): peak = 1911.250 ; gain = 0.000

Phase 7 Post Hold Fix

Phase 7.1 Hold Fix Iter
Phase 7.1 Hold Fix Iter | Checksum: 315ddf367

Time (s): cpu = 00:00:29 ; elapsed = 00:00:25 . Memory (MB): peak = 1911.250 ; gain = 0.000
Phase 7 Post Hold Fix | Checksum: 315ddf367

Time (s): cpu = 00:00:29 ; elapsed = 00:00:25 . Memory (MB): peak = 1911.250 ; gain = 0.000

Phase 8 Route finalize

Router Utilization Summary
  Global Vertical Routing Utilization    = 1.83911 %
  Global Horizontal Routing Utilization  = 2.27551 %
  Routable Net Status*
  *Does not include unroutable nets such as driverless and loadless.
  Run report_route_status for detailed report.
  Number of Failed Nets               = 0
    (Failed Nets is the sum of unrouted and partially routed nets)
  Number of Unrouted Nets             = 0
  Number of Partially Routed Nets     = 0
  Number of Node Overlaps             = 0


--GLOBAL Congestion:
Utilization threshold used for congestion level computation: 0.85
Congestion Report
North Dir 1x1 Area, Max Cong = 48.6486%, No Congested Regions.
South Dir 1x1 Area, Max Cong = 51.3514%, No Congested Regions.
East Dir 1x1 Area, Max Cong = 44.1176%, No Congested Regions.
West Dir 1x1 Area, Max Cong = 42.6471%, No Congested Regions.

------------------------------
Reporting congestion hotspots
------------------------------
Direction: North
----------------
Congested clusters found at Level 0
Effective congestion level: 0 Aspect Ratio: 1 Sparse Ratio: 0
Direction: South
----------------
Congested clusters found at Level 0
Effective congestion level: 0 Aspect Ratio: 1 Sparse Ratio: 0
Direction: East
----------------
Congested clusters found at Level 0
Effective congestion level: 0 Aspect Ratio: 1 Sparse Ratio: 0
Direction: West
----------------
Congested clusters found at Level 0
Effective congestion level: 0 Aspect Ratio: 1 Sparse Ratio: 0

Phase 8 Route finalize | Checksum: 315ddf367

Time (s): cpu = 00:00:29 ; elapsed = 00:00:26 . Memory (MB): peak = 1911.250 ; gain = 0.000

Phase 9 Verifying routed nets

 Verification completed successfully
Phase 9 Verifying routed nets | Checksum: 315ddf367

Time (s): cpu = 00:00:29 ; elapsed = 00:00:26 . Memory (MB): peak = 1911.250 ; gain = 0.000

Phase 10 Depositing Routes
Phase 10 Depositing Routes | Checksum: 2f29ff137

Time (s): cpu = 00:00:30 ; elapsed = 00:00:27 . Memory (MB): peak = 1911.250 ; gain = 0.000

Phase 11 Post Process Routing
Phase 11 Post Process Routing | Checksum: 2f29ff137

Time (s): cpu = 00:00:30 ; elapsed = 00:00:27 . Memory (MB): peak = 1911.250 ; gain = 0.000
Total Elapsed time in route_design: 26.63 secs

Phase 12 Post-Route Event Processing
Phase 12 Post-Route Event Processing | Checksum: 15daaa5f3

Time (s): cpu = 00:00:30 ; elapsed = 00:00:27 . Memory (MB): peak = 1911.250 ; gain = 0.000
INFO: [Route 35-16] Router Completed Successfully
Ending Routing Task | Checksum: 15daaa5f3

Time (s): cpu = 00:00:30 ; elapsed = 00:00:27 . Memory (MB): peak = 1911.250 ; gain = 0.000

Routing Is Done.
INFO: [Common 17-83] Releasing license: Implementation
62 Infos, 2 Warnings, 0 Critical Warnings and 0 Errors encountered.
route_design completed successfully
route_design: Time (s): cpu = 00:00:30 ; elapsed = 00:00:27 . Memory (MB): peak = 1911.250 ; gain = 0.000
INFO: [Vivado 12-24828] Executing command : report_drc -file datapath_drc_routed.rpt -pb datapath_drc_routed.pb -rpx datapath_drc_routed.rpx
Command: report_drc -file datapath_drc_routed.rpt -pb datapath_drc_routed.pb -rpx datapath_drc_routed.rpx
INFO: [IP_Flow 19-1839] IP Catalog is up to date.
INFO: [DRC 23-27] Running DRC with 2 threads
INFO: [Vivado_Tcl 2-168] The results of DRC are in file E:/Vivado projects/CSE_Project1/project_1/project_1.runs/impl_1/datapath_drc_routed.rpt.
report_drc completed successfully
INFO: [Vivado 12-24828] Executing command : report_methodology -file datapath_methodology_drc_routed.rpt -pb datapath_methodology_drc_routed.pb -rpx datapath_methodology_drc_routed.rpx
Command: report_methodology -file datapath_methodology_drc_routed.rpt -pb datapath_methodology_drc_routed.pb -rpx datapath_methodology_drc_routed.rpx
INFO: [Timing 38-35] Done setting XDC timing constraints.
INFO: [DRC 23-133] Running Methodology with 2 threads
INFO: [Vivado_Tcl 2-1520] The results of Report Methodology are in file E:/Vivado projects/CSE_Project1/project_1/project_1.runs/impl_1/datapath_methodology_drc_routed.rpt.
report_methodology completed successfully
INFO: [Vivado 12-24828] Executing command : report_timing_summary -max_paths 10 -routable_nets -report_unconstrained -file datapath_timing_summary_routed.rpt -pb datapath_timing_summary_routed.pb -rpx datapath_timing_summary_routed.rpx -warn_on_violation 
INFO: [Timing 38-35] Done setting XDC timing constraints.
INFO: [Timing 38-91] UpdateTimingParams: Speed grade: -1, Delay Type: min_max.
INFO: [Timing 38-191] Multithreading enabled for timing update using a maximum of 2 CPUs
WARNING: [Timing 38-313] There are no user specified timing constraints. Timing constraints are needed for proper timing analysis.
INFO: [Vivado 12-24838] Running report commands "report_incremental_reuse, report_route_status" in parallel.
Running report generation with 2 threads.
INFO: [Vivado 12-24828] Executing command : report_incremental_reuse -file datapath_incremental_reuse_routed.rpt
INFO: [Vivado_Tcl 4-1062] Incremental flow is disabled. No incremental reuse Info to report.
INFO: [Vivado 12-24828] Executing command : report_route_status -file datapath_route_status.rpt -pb datapath_route_status.pb
INFO: [Vivado 12-24828] Executing command : report_power -file datapath_power_routed.rpt -pb datapath_power_summary_routed.pb -rpx datapath_power_routed.rpx
Command: report_power -file datapath_power_routed.rpt -pb datapath_power_summary_routed.pb -rpx datapath_power_routed.rpx
WARNING: [Power 33-232] No user defined clocks were found in the design! Power estimation will be inaccurate until this is corrected.
Resolution: Please specify clocks using create_clock/create_generated_clock for sequential elements. For pure combinatorial circuits, please specify a virtual clock, otherwise the vectorless estimation might be inaccurate
Running Vector-less Activity Propagation...

Finished Running Vector-less Activity Propagation
79 Infos, 4 Warnings, 0 Critical Warnings and 0 Errors encountered.
report_power completed successfully
INFO: [Vivado 12-24828] Executing command : report_clock_utilization -file datapath_clock_utilization_routed.rpt
INFO: [Vivado 12-24828] Executing command : report_bus_skew -warn_on_violation -file datapath_bus_skew_routed.rpt -pb datapath_bus_skew_routed.pb -rpx datapath_bus_skew_routed.rpx
INFO: [Timing 38-91] UpdateTimingParams: Speed grade: -1, Delay Type: min_max.
INFO: [Timing 38-191] Multithreading enabled for timing update using a maximum of 2 CPUs
generate_parallel_reports: Time (s): cpu = 00:00:11 ; elapsed = 00:00:08 . Memory (MB): peak = 1911.250 ; gain = 0.000
INFO: [Timing 38-480] Writing timing data to binary archive.
Wrote PlaceDB: Time (s): cpu = 00:00:00 ; elapsed = 00:00:00 . Memory (MB): peak = 1911.250 ; gain = 0.000
Wrote PulsedLatchDB: Time (s): cpu = 00:00:00 ; elapsed = 00:00:00 . Memory (MB): peak = 1911.250 ; gain = 0.000
Writing XDEF routing.
Writing XDEF routing logical nets.
Write ShapeDB Complete: Time (s): cpu = 00:00:00 ; elapsed = 00:00:00.025 . Memory (MB): peak = 1911.250 ; gain = 0.000
Writing XDEF routing special nets.
Wrote RouteStorage: Time (s): cpu = 00:00:00 ; elapsed = 00:00:00.086 . Memory (MB): peak = 1911.250 ; gain = 0.000
Wrote PlaceStorage: Time (s): cpu = 00:00:00 ; elapsed = 00:00:00.271 . Memory (MB): peak = 1911.250 ; gain = 0.000
Wrote Netlist Cache: Time (s): cpu = 00:00:00 ; elapsed = 00:00:00.010 . Memory (MB): peak = 1911.250 ; gain = 0.000
Wrote Device Cache: Time (s): cpu = 00:00:00 ; elapsed = 00:00:00.006 . Memory (MB): peak = 1911.250 ; gain = 0.000
Write Physdb Complete: Time (s): cpu = 00:00:01 ; elapsed = 00:00:00.381 . Memory (MB): peak = 1911.250 ; gain = 0.000
INFO: [Common 17-1381] The checkpoint 'E:/Vivado projects/CSE_Project1/project_1/project_1.runs/impl_1/datapath_routed.dcp' has been generated.
Command: write_bitstream -force datapath.bit
Attempting to get a license for feature 'Implementation' and/or device 'xc7a35t'
INFO: [Common 17-349] Got license for feature 'Implementation' and/or device 'xc7a35t'
Running DRC as a precondition to command write_bitstream
INFO: [IP_Flow 19-1839] IP Catalog is up to date.
INFO: [DRC 23-27] Running DRC with 2 threads
INFO: [Vivado 12-3199] DRC finished with 0 Errors
INFO: [Vivado 12-3200] Please refer to the DRC report (report_drc) for more information.
Integrating Hard IP ELF/MEM with the PDI.
INFO: [Designutils 20-2272] Running write_bitstream with 2 threads.
Loading data files...
Loading site data...
Loading route data...
Processing options...
Creating bitmap...
Creating bitstream...
Writing bitstream ./datapath.bit...
INFO: [Vivado 12-1842] Bitgen Completed Successfully.
INFO: [Common 17-83] Releasing license: Implementation
93 Infos, 4 Warnings, 0 Critical Warnings and 0 Errors encountered.
write_bitstream completed successfully
write_bitstream: Time (s): cpu = 00:00:17 ; elapsed = 00:00:13 . Memory (MB): peak = 2177.629 ; gain = 266.379
INFO: [Common 17-206] Exiting Vivado at Mon Apr 13 21:57:32 2026...
